Archive member included to satisfy reference by file (symbol)

D:\Miguelito\ISEL\Sem_8\SE2\workspace\CMSIS_CORE_LPC17xx\Debug\libCMSIS_CORE_LPC17xx.a(system_LPC17xx.o)
                              ./src/cr_startup_lpc175x_6x-FreeRTOS.o (SystemInit)
D:\Miguelito\ISEL\Sem_8\SE2\workspace\FreeRTOS-SE1920\Debug\libFreeRTOS-SE1920.a(BMP280.o)
                              ./src/project.o (BMP280_Init)
D:\Miguelito\ISEL\Sem_8\SE2\workspace\FreeRTOS-SE1920\Debug\libFreeRTOS-SE1920.a(BMP280UI.o)
                              ./src/project.o (BMP280UI_Init)
D:\Miguelito\ISEL\Sem_8\SE2\workspace\FreeRTOS-SE1920\Debug\libFreeRTOS-SE1920.a(ESP8266.o)
                              ./src/project.o (ESP8266_Init)
D:\Miguelito\ISEL\Sem_8\SE2\workspace\FreeRTOS-SE1920\Debug\libFreeRTOS-SE1920.a(LCD.o)
                              ./src/project.o (LCDText_WriteChar)
D:\Miguelito\ISEL\Sem_8\SE2\workspace\FreeRTOS-SE1920\Debug\libFreeRTOS-SE1920.a(RTC.o)
                              ./src/project.o (RTC_GetValue)
D:\Miguelito\ISEL\Sem_8\SE2\workspace\FreeRTOS-SE1920\Debug\libFreeRTOS-SE1920.a(RTCUI.o)
                              ./src/project.o (UI_printDate)
D:\Miguelito\ISEL\Sem_8\SE2\workspace\FreeRTOS-SE1920\Debug\libFreeRTOS-SE1920.a(SPI.o)
                              ./src/project.o (SPI_Init)
D:\Miguelito\ISEL\Sem_8\SE2\workspace\FreeRTOS-SE1920\Debug\libFreeRTOS-SE1920.a(button.o)
                              ./src/project.o (BUTTON_Init)
D:\Miguelito\ISEL\Sem_8\SE2\workspace\FreeRTOS-SE1920\Debug\libFreeRTOS-SE1920.a(counter.o)
                              ./src/project.o (COUNTER_Create)
D:\Miguelito\ISEL\Sem_8\SE2\workspace\FreeRTOS-SE1920\Debug\libFreeRTOS-SE1920.a(eeprom.o)
                              ./src/project.o (EEPROM_Init)
D:\Miguelito\ISEL\Sem_8\SE2\workspace\FreeRTOS-SE1920\Debug\libFreeRTOS-SE1920.a(led.o)
                              ./src/project.o (LED_Init)
D:\Miguelito\ISEL\Sem_8\SE2\workspace\FreeRTOS-SE1920\Debug\libFreeRTOS-SE1920.a(ntp.o)
                              ./src/project.o (NTP_Connect)
D:\Miguelito\ISEL\Sem_8\SE2\workspace\FreeRTOS-SE1920\Debug\libFreeRTOS-SE1920.a(uartINT.o)
                              D:\Miguelito\ISEL\Sem_8\SE2\workspace\FreeRTOS-SE1920\Debug\libFreeRTOS-SE1920.a(ESP8266.o) (UARTINT_Initialize)
D:\Miguelito\ISEL\Sem_8\SE2\workspace\FreeRTOS-SE1920\Debug\libFreeRTOS-SE1920.a(wait.o)
                              ./src/project.o (WAIT_Init)
D:\Miguelito\ISEL\Sem_8\SE2\workspace\FreeRTOS-SE1920\Debug\libFreeRTOS-SE1920.a(I2C.o)
                              D:\Miguelito\ISEL\Sem_8\SE2\workspace\FreeRTOS-SE1920\Debug\libFreeRTOS-SE1920.a(eeprom.o) (I2C_Init)
D:\Miguelito\ISEL\Sem_8\SE2\workspace\FreeRTOS-Kernel\Debug\libFreeRTOS-Kernel.a(heap_4.o)
                              ./src/main.o (pvPortMalloc)
D:\Miguelito\ISEL\Sem_8\SE2\workspace\FreeRTOS-Kernel\Debug\libFreeRTOS-Kernel.a(port.o)
                              ./src/cr_startup_lpc175x_6x-FreeRTOS.o (vPortSVCHandler)
D:\Miguelito\ISEL\Sem_8\SE2\workspace\FreeRTOS-Kernel\Debug\libFreeRTOS-Kernel.a(queue.o)
                              D:\Miguelito\ISEL\Sem_8\SE2\workspace\FreeRTOS-SE1920\Debug\libFreeRTOS-SE1920.a(SPI.o) (xQueueGenericSend)
D:\Miguelito\ISEL\Sem_8\SE2\workspace\FreeRTOS-Kernel\Debug\libFreeRTOS-Kernel.a(tasks.o)
                              D:\Miguelito\ISEL\Sem_8\SE2\workspace\FreeRTOS-Kernel\Debug\libFreeRTOS-Kernel.a(port.o) (pxCurrentTCB)
D:\Miguelito\ISEL\Sem_8\SE2\workspace\FreeRTOS-Kernel\Debug\libFreeRTOS-Kernel.a(timers.o)
                              D:\Miguelito\ISEL\Sem_8\SE2\workspace\FreeRTOS-Kernel\Debug\libFreeRTOS-Kernel.a(tasks.o) (xTimerCreateTimerTask)
D:\Miguelito\ISEL\Sem_8\SE2\workspace\FreeRTOS-Kernel\Debug\libFreeRTOS-Kernel.a(list.o)
                              D:\Miguelito\ISEL\Sem_8\SE2\workspace\FreeRTOS-Kernel\Debug\libFreeRTOS-Kernel.a(queue.o) (vListInitialise)
D:\Miguelito\ISEL\Sem_8\SE2\workspace\MQTTPacket\Debug\libMQTTPacket.a(MQTTConnectClient.o)
                              ./src/temppub.o (MQTTSerialize_connect)
D:\Miguelito\ISEL\Sem_8\SE2\workspace\MQTTPacket\Debug\libMQTTPacket.a(MQTTPacket.o)
                              D:\Miguelito\ISEL\Sem_8\SE2\workspace\MQTTPacket\Debug\libMQTTPacket.a(MQTTConnectClient.o) (MQTTPacket_encode)
D:\Miguelito\ISEL\Sem_8\SE2\workspace\MQTTPacket\Debug\libMQTTPacket.a(MQTTSerializePublish.o)
                              ./src/temppub.o (MQTTSerialize_publish)
D:\Miguelito\ISEL\Sem_8\SE2\workspace\MQTTPacket\Debug\libMQTTPacket.a(MQTTSubscribeClient.o)
                              ./src/temppub.o (MQTTSerialize_subscribe)
d:/nxp/mcuxpressoide_11.1.0_3209/ide/plugins/com.nxp.mcuxpresso.tools.win32_11.1.0.201909161352/tools/bin/../lib/gcc/arm-none-eabi/8.3.1/thumb/v7-m/nofp\libgcc.a(_arm_addsubdf3.o)
                              ./src/temppub.o (__aeabi_dsub)
[...]
Memory Configuration

Name             Origin             Length             Attributes
MFlash512        0x00000000         0x00080000         xr
RamLoc32         0x10000000         0x00008000         xrw
RamAHB32         0x2007c000         0x00008000         xrw
*default*        0x00000000         0xffffffff

Linker script and memory map

LOAD ./src/cr_startup_lpc175x_6x-FreeRTOS.o
LOAD ./src/crp.o
LOAD ./src/main.o
LOAD ./src/printf-stdarg.o
LOAD ./src/project.o
LOAD ./src/temppub.o
LOAD ./src/transport.o
LOAD D:\Miguelito\ISEL\Sem_8\SE2\workspace\CMSIS_CORE_LPC17xx\Debug\libCMSIS_CORE_LPC17xx.a
LOAD D:\Miguelito\ISEL\Sem_8\SE2\workspace\FreeRTOS-SE1920\Debug\libFreeRTOS-SE1920.a
LOAD D:\Miguelito\ISEL\Sem_8\SE2\workspace\FreeRTOS-Kernel\Debug\libFreeRTOS-Kernel.a
LOAD D:\Miguelito\ISEL\Sem_8\SE2\workspace\MQTTPacket\Debug\libMQTTPacket.a
START GROUP
LOAD d:/nxp/mcuxpressoide_11.1.0_3209/ide/plugins/com.nxp.mcuxpresso.tools.win32_11.1.0.201909161352/tools/bin/../lib/gcc/arm-none-eabi/8.3.1/thumb/v7-m/nofp\libgcc.a
LOAD d:/nxp/mcuxpressoide_11.1.0_3209/ide/plugins/com.nxp.mcuxpresso.tools.win32_11.1.0.201909161352/tools/bin/../lib/gcc/arm-none-eabi/8.3.1/../../../../arm-none-eabi/lib/thumb/v7-m/nofp\libc_nano.a
LOAD d:/nxp/mcuxpressoide_11.1.0_3209/ide/plugins/com.nxp.mcuxpresso.tools.win32_11.1.0.201909161352/tools/bin/../lib/gcc/arm-none-eabi/8.3.1/../../../../arm-none-eabi/lib/thumb/v7-m/nofp\libm.a
LOAD d:/nxp/mcuxpressoide_11.1.0_3209/ide/plugins/com.nxp.mcuxpresso.tools.win32_11.1.0.201909161352/tools/bin/../lib/gcc/arm-none-eabi/8.3.1/../../../../arm-none-eabi/lib/thumb/v7-m/nofp\libcr_newlib_nohost.a
END GROUP
                0x00000000                __base_MFlash512 = 0x0
                0x00000000                __base_Flash = 0x0
                0x00080000                __top_MFlash512 = 0x80000
                0x00080000                __top_Flash = 0x80000
                0x10000000                __base_RamLoc32 = 0x10000000
                0x10000000                __base_RAM = 0x10000000
                0x10008000                __top_RamLoc32 = 0x10008000
                0x10008000                __top_RAM = 0x10008000
                0x2007c000                __base_RamAHB32 = 0x2007c000
                0x2007c000                __base_RAM2 = 0x2007c000
                0x20084000                __top_RamAHB32 = 0x20084000
                0x20084000                __top_RAM2 = 0x20084000

.text           0x00000000     0xb814
 FILL mask 0xff
                0x00000000                __vectors_start__ = ABSOLUTE (.)
 *(.isr_vector)
 .isr_vector    0x00000000       0xcc ./src/cr_startup_lpc175x_6x-FreeRTOS.o
                0x00000000                g_pfnVectors
                0x000000cc                . = ALIGN (0x4)
                0x000000cc                __section_table_start = .
                0x000000cc                __data_section_table = .
                0x000000cc        0x4 LONG 0xb814 LOADADDR (.data)
                0x000000d0        0x4 LONG 0x10000000 ADDR (.data)
                0x000000d4        0x4 LONG 0x1b0 SIZEOF (.data)
                0x000000d8        0x4 LONG 0xb814 LOADADDR (.data_RAM2)
                0x000000dc        0x4 LONG 0x2007c000 ADDR (.data_RAM2)
                0x000000e0        0x4 LONG 0x0 SIZEOF (.data_RAM2)
                0x000000e4                __data_section_table_end = .
                0x000000e4                __bss_section_table = .
                0x000000e4        0x4 LONG 0x100001b0 ADDR (.bss)
                0x000000e8        0x4 LONG 0x4330 SIZEOF (.bss)
                0x000000ec        0x4 LONG 0x2007c000 ADDR (.bss_RAM2)
                0x000000f0        0x4 LONG 0x0 SIZEOF (.bss_RAM2)
                0x000000f4                __bss_section_table_end = .
                0x000000f4                __section_table_end = .
 *(.after_vectors*)
 .after_vectors
                0x000000f4      0x12c ./src/cr_startup_lpc175x_6x-FreeRTOS.o
                0x000000f4                data_init
                0x00000136                bss_init
                0x0000016c                ResetISR
                0x000001e4                NMI_Handler
                0x000001ea                HardFault_Handler
                0x000001f0                MemManage_Handler
                0x000001f6                BusFault_Handler
                0x000001fc                UsageFault_Handler
                0x00000202                SVC_Handler
                0x00000208                DebugMon_Handler
                0x0000020e                PendSV_Handler
                0x00000214                SysTick_Handler
                0x0000021a                CANActivity_IRQHandler
                0x0000021a                TIMER3_IRQHandler
                0x0000021a                UART0_IRQHandler
                0x0000021a                UART1_IRQHandler
                0x0000021a                USBActivity_IRQHandler
                0x0000021a                IntDefaultHandler
                0x0000021a                PLL0_IRQHandler
                0x0000021a                I2C0_IRQHandler
                0x0000021a                EINT2_IRQHandler
                0x0000021a                SSP0_IRQHandler
                0x0000021a                I2S_IRQHandler
                0x0000021a                I2C2_IRQHandler
                0x0000021a                RTC_IRQHandler
                0x0000021a                SPI_IRQHandler
                0x0000021a                RIT_IRQHandler
                0x0000021a                EINT1_IRQHandler
                0x0000021a                TIMER1_IRQHandler
                0x0000021a                ADC_IRQHandler
                0x0000021a                SSP1_IRQHandler
                0x0000021a                USB_IRQHandler
                0x0000021a                BOD_IRQHandler
                0x0000021a                PLL1_IRQHandler
                0x0000021a                WDT_IRQHandler
                0x0000021a                PWM1_IRQHandler
                0x0000021a                QEI_IRQHandler
                0x0000021a                EINT0_IRQHandler
                0x0000021a                CAN_IRQHandler
                0x0000021a                DMA_IRQHandler
                0x0000021a                TIMER2_IRQHandler
                0x0000021a                UART3_IRQHandler
                0x0000021a                MCPWM_IRQHandler
                0x0000021a                ENET_IRQHandler
                0x000002fc                . = 0x2fc
 *fill*         0x00000220       0xdc ff
                0x000002fc                PROVIDE (__CRP_WORD_START__ = .)
 *(.crp)
 .crp           0x000002fc        0x4 ./src/crp.o
                0x000002fc                CRP_WORD
                0x00000300                PROVIDE (__CRP_WORD_END__ = .)
                0x00000001                ASSERT (! ((__CRP_WORD_START__ == __CRP_WORD_END__)), Linker CRP Enabled, but no CRP_WORD provided within application)
 *(.text*)
 .text.main     0x00000300       0x2c ./src/main.o
                0x00000300                main
 .text.vApplicationStackOverflowHook
                0x0000032c        0xc ./src/main.o
                0x0000032c                vApplicationStackOverflowHook
 .text.vConfigureTimerForRunTimeStats
                0x00000338       0x74 ./src/main.o
                0x00000338                vConfigureTimerForRunTimeStats
 .text.__semihost
                0x000003ac       0x22 ./src/printf-stdarg.o
 .text.semihost_write
                0x000003ce       0x36 ./src/printf-stdarg.o
 .text.putchar  0x00000404       0x1c ./src/printf-stdarg.o
 .text.printchar
                0x00000420       0x34 ./src/printf-stdarg.o
 .text.prints   0x00000454       0xb0 ./src/printf-stdarg.o
 .text.printi   0x00000504       0xd8 ./src/printf-stdarg.o
 .text.print    0x000005dc      0x1c8 ./src/printf-stdarg.o
 .text.printf   0x000007a4       0x28 ./src/printf-stdarg.o
                0x000007a4                printf
 .text.sprintf  0x000007cc       0x2c ./src/printf-stdarg.o
                0x000007cc                sprintf
 .text.vProjectTaskBlinkLED
                0x000007f8       0x2c ./src/project.o
                0x000007f8                vProjectTaskBlinkLED
 .text.vProjectTaskWifi
                0x00000824      0x12c ./src/project.o
                0x00000824                vProjectTaskWifi
 .text.vProjectTaskGetData
                0x00000950       0x32 ./src/project.o
                0x00000950                vProjectTaskGetData
 *fill*         0x00000982        0x2 ff
 .text.vProjectTaskPrintData
                0x00000984       0xa4 ./src/project.o
                0x00000984                vProjectTaskPrintData
 .text.vProjectTaskMain
                0x00000a28       0xcc ./src/project.o
                0x00000a28                vProjectTaskMain
 .text.PROJECT_Init
                0x00000af4       0xa0 ./src/project.o
                0x00000af4                PROJECT_Init
 .text.PROJECT_Setup
                0x00000b94      0x120 ./src/project.o
                0x00000b94                PROJECT_Setup
 .text.NETWORK_Init
                0x00000cb4       0x40 ./src/temppub.o
                0x00000cb4                NETWORK_Init
 .text.NETWORK_Connect
                0x00000cf4       0x8a ./src/temppub.o
                0x00000cf4                NETWORK_Connect
 .text.NETWORK_Send
                0x00000d7e       0x1e ./src/temppub.o
                0x00000d7e                NETWORK_Send
 .text.NETWORK_Recv
                0x00000d9c       0x1e ./src/temppub.o
                0x00000d9c                NETWORK_Recv
 .text.vLedWrite
                0x00000dba       0x2a ./src/temppub.o
                0x00000dba                vLedWrite
 .text.WeatherStationMQTT_Task
                0x00000de4      0x40c ./src/temppub.o
                0x00000de4                WeatherStationMQTT_Task
 .text.transport_sendPacketBuffernb_start
                0x000011f0       0x2c ./src/transport.o
                0x000011f0                transport_sendPacketBuffernb_start
 .text.transport_sendPacketBuffernb
                0x0000121c       0x9c ./src/transport.o
                0x0000121c                transport_sendPacketBuffernb
 .text.transport_sendPacketBuffer
                0x000012b8       0x3c ./src/transport.o
                0x000012b8                transport_sendPacketBuffer
 .text.transport_getdatanb
                0x000012f4       0x60 ./src/transport.o
                0x000012f4                transport_getdatanb
 .text.transport_open
                0x00001354       0x24 ./src/transport.o
                0x00001354                transport_open
 .text.SystemInit
                0x00001378       0xdc D:\Miguelito\ISEL\Sem_8\SE2\workspace\CMSIS_CORE_LPC17xx\Debug\libCMSIS_CORE_LPC17xx.a(system_LPC17xx.o)
                0x00001378                SystemInit
 .text.BMP280_Init
                0x00001454       0x40 D:\Miguelito\ISEL\Sem_8\SE2\workspace\FreeRTOS-SE1920\Debug\libFreeRTOS-SE1920.a(BMP280.o)
                0x00001454                BMP280_Init
 .text.BMP280_ChipSel
                0x00001494       0x30 D:\Miguelito\ISEL\Sem_8\SE2\workspace\FreeRTOS-SE1920\Debug\libFreeRTOS-SE1920.a(BMP280.o)
                0x00001494                BMP280_ChipSel
 .text.BMP280_Read
                0x000014c4      0x14c D:\Miguelito\ISEL\Sem_8\SE2\workspace\FreeRTOS-SE1920\Debug\libFreeRTOS-SE1920.a(BMP280.o)
                0x000014c4                BMP280_Read
 .text.BMP280_Write
                0x00001610       0xae D:\Miguelito\ISEL\Sem_8\SE2\workspace\FreeRTOS-SE1920\Debug\libFreeRTOS-SE1920.a(BMP280.o)
                0x00001610                BMP280_Write
 *fill*         0x000016be        0x2 ff
 .text.BMP280_ReadTrimVals
                0x000016c0       0x5c D:\Miguelito\ISEL\Sem_8\SE2\workspace\FreeRTOS-SE1920\Debug\libFreeRTOS-SE1920.a(BMP280.o)
                0x000016c0                BMP280_ReadTrimVals
 .text.BMP280_Id
                0x0000171c       0x2a D:\Miguelito\ISEL\Sem_8\SE2\workspace\FreeRTOS-SE1920\Debug\libFreeRTOS-SE1920.a(BMP280.o)
                0x0000171c                BMP280_Id
 .text.BMP280_CtrlMeas
                0x00001746       0x4e D:\Miguelito\ISEL\Sem_8\SE2\workspace\FreeRTOS-SE1920\Debug\libFreeRTOS-SE1920.a(BMP280.o)
                0x00001746                BMP280_CtrlMeas
 .text.BMP280_Config
                0x00001794       0x5a D:\Miguelito\ISEL\Sem_8\SE2\workspace\FreeRTOS-SE1920\Debug\libFreeRTOS-SE1920.a(BMP280.o)
                0x00001794                BMP280_Config
 .text.BMP280_ReadTemp
                0x000017ee       0x4a D:\Miguelito\ISEL\Sem_8\SE2\workspace\FreeRTOS-SE1920\Debug\libFreeRTOS-SE1920.a(BMP280.o)
                0x000017ee                BMP280_ReadTemp
 .text.BMP280_ReadPress
                0x00001838       0x5e D:\Miguelito\ISEL\Sem_8\SE2\workspace\FreeRTOS-SE1920\Debug\libFreeRTOS-SE1920.a(BMP280.o)
                0x00001838                BMP280_ReadPress
 *fill*         0x00001896        0x2 ff
 .text.BMP280_Raw2Temp
                0x00001898      0x16c D:\Miguelito\ISEL\Sem_8\SE2\workspace\FreeRTOS-SE1920\Debug\libFreeRTOS-SE1920.a(BMP280.o)
                0x00001898                BMP280_Raw2Temp
 *fill*         0x00001a04        0x4 ff
 .text.BMP280_Raw2Press
                0x00001a08      0x324 D:\Miguelito\ISEL\Sem_8\SE2\workspace\FreeRTOS-SE1920\Debug\libFreeRTOS-SE1920.a(BMP280.o)
                0x00001a08                BMP280_Raw2Press
 .text.BMP280UI_Init
                0x00001d2c       0x74 D:\Miguelito\ISEL\Sem_8\SE2\workspace\FreeRTOS-SE1920\Debug\libFreeRTOS-SE1920.a(BMP280UI.o)
                0x00001d2c                BMP280UI_Init
 .text.BMP280UI_UnitConvert
                0x00001da0      0x118 D:\Miguelito\ISEL\Sem_8\SE2\workspace\FreeRTOS-SE1920\Debug\libFreeRTOS-SE1920.a(BMP280UI.o)
                0x00001da0                BMP280UI_UnitConvert
 .text.BMP280UI_UnitDecimals
                0x00001eb8       0x6c D:\Miguelito\ISEL\Sem_8\SE2\workspace\FreeRTOS-SE1920\Debug\libFreeRTOS-SE1920.a(BMP280UI.o)
                0x00001eb8                BMP280UI_UnitDecimals
 .text.BMP280UI_GetUnits
                0x00001f24       0x1a D:\Miguelito\ISEL\Sem_8\SE2\workspace\FreeRTOS-SE1920\Debug\libFreeRTOS-SE1920.a(BMP280UI.o)
                0x00001f24                BMP280UI_GetUnits
 *fill*         0x00001f3e        0x2 ff
 .text.BMP280UI_PrintData
                0x00001f40       0xf4 D:\Miguelito\ISEL\Sem_8\SE2\workspace\FreeRTOS-SE1920\Debug\libFreeRTOS-SE1920.a(BMP280UI.o)
                0x00001f40                BMP280UI_PrintData
 .text.BMP280UI_SetUnits
                0x00002034      0x1f8 D:\Miguelito\ISEL\Sem_8\SE2\workspace\FreeRTOS-SE1920\Debug\libFreeRTOS-SE1920.a(BMP280UI.o)
                0x00002034                BMP280UI_SetUnits
 .text.BMP280UI_SaveUnits
                0x0000222c       0x3c D:\Miguelito\ISEL\Sem_8\SE2\workspace\FreeRTOS-SE1920\Debug\libFreeRTOS-SE1920.a(BMP280UI.o)
                0x0000222c                BMP280UI_SaveUnits
 .text.ESP8266_Init
                0x00002268       0xe4 D:\Miguelito\ISEL\Sem_8\SE2\workspace\FreeRTOS-SE1920\Debug\libFreeRTOS-SE1920.a(ESP8266.o)
                0x00002268                ESP8266_Init
 .text.ESP8266_ConnectAP
                0x0000234c       0x78 D:\Miguelito\ISEL\Sem_8\SE2\workspace\FreeRTOS-SE1920\Debug\libFreeRTOS-SE1920.a(ESP8266.o)
                0x0000234c                ESP8266_ConnectAP
 .text.ESP8266_ConnectedAP
                0x000023c4       0x8c D:\Miguelito\ISEL\Sem_8\SE2\workspace\FreeRTOS-SE1920\Debug\libFreeRTOS-SE1920.a(ESP8266.o)
                0x000023c4                ESP8266_ConnectedAP
 .text.ESP8266_ConnectTCP
                0x00002450       0xa8 D:\Miguelito\ISEL\Sem_8\SE2\workspace\FreeRTOS-SE1920\Debug\libFreeRTOS-SE1920.a(ESP8266.o)
                0x00002450                ESP8266_ConnectTCP
 .text.ESP8266_CloseConnection
                0x000024f8       0x28 D:\Miguelito\ISEL\Sem_8\SE2\workspace\FreeRTOS-SE1920\Debug\libFreeRTOS-SE1920.a(ESP8266.o)
                0x000024f8                ESP8266_CloseConnection
 .text.ESP8266_FindKeyword
                0x00002520       0x48 D:\Miguelito\ISEL\Sem_8\SE2\workspace\FreeRTOS-SE1920\Debug\libFreeRTOS-SE1920.a(ESP8266.o)
                0x00002520                ESP8266_FindKeyword
 .text.ESP8266_Cmd
                0x00002568       0xc0 D:\Miguelito\ISEL\Sem_8\SE2\workspace\FreeRTOS-SE1920\Debug\libFreeRTOS-SE1920.a(ESP8266.o)
                0x00002568                ESP8266_Cmd
 .text.ESP8266_Read
                0x00002628      0x110 D:\Miguelito\ISEL\Sem_8\SE2\workspace\FreeRTOS-SE1920\Debug\libFreeRTOS-SE1920.a(ESP8266.o)
                0x00002628                ESP8266_Read
 .text.ESP8266_ReadData
                0x00002738      0x168 D:\Miguelito\ISEL\Sem_8\SE2\workspace\FreeRTOS-SE1920\Debug\libFreeRTOS-SE1920.a(ESP8266.o)
                0x00002738                ESP8266_ReadData
 .text.ESP8266_Write
                0x000028a0       0xa4 D:\Miguelito\ISEL\Sem_8\SE2\workspace\FreeRTOS-SE1920\Debug\libFreeRTOS-SE1920.a(ESP8266.o)
                0x000028a0                ESP8266_Write
 .text.LCD_write4bits
                0x00002944       0x60 D:\Miguelito\ISEL\Sem_8\SE2\workspace\FreeRTOS-SE1920\Debug\libFreeRTOS-SE1920.a(LCD.o)
                0x00002944                LCD_write4bits
 .text.LCD_write8bits
                0x000029a4       0x2c D:\Miguelito\ISEL\Sem_8\SE2\workspace\FreeRTOS-SE1920\Debug\libFreeRTOS-SE1920.a(LCD.o)
                0x000029a4                LCD_write8bits
 .text.LCD_writeCMD
                0x000029d0       0x18 D:\Miguelito\ISEL\Sem_8\SE2\workspace\FreeRTOS-SE1920\Debug\libFreeRTOS-SE1920.a(LCD.o)
                0x000029d0                LCD_writeCMD
 .text.LCD_writeData
                0x000029e8       0x18 D:\Miguelito\ISEL\Sem_8\SE2\workspace\FreeRTOS-SE1920\Debug\libFreeRTOS-SE1920.a(LCD.o)
                0x000029e8                LCD_writeData
 .text.LCDText_WriteChar
                0x00002a00       0x1a D:\Miguelito\ISEL\Sem_8\SE2\workspace\FreeRTOS-SE1920\Debug\libFreeRTOS-SE1920.a(LCD.o)
                0x00002a00                LCDText_WriteChar
 .text.LCDText_WriteString
                0x00002a1a       0x50 D:\Miguelito\ISEL\Sem_8\SE2\workspace\FreeRTOS-SE1920\Debug\libFreeRTOS-SE1920.a(LCD.o)
                0x00002a1a                LCDText_WriteString
 .text.LCDText_Locate
                0x00002a6a       0x4a D:\Miguelito\ISEL\Sem_8\SE2\workspace\FreeRTOS-SE1920\Debug\libFreeRTOS-SE1920.a(LCD.o)
                0x00002a6a                LCDText_Locate
 .text.LCDText_Clear
                0x00002ab4       0x14 D:\Miguelito\ISEL\Sem_8\SE2\workspace\FreeRTOS-SE1920\Debug\libFreeRTOS-SE1920.a(LCD.o)
                0x00002ab4                LCDText_Clear
 .text.LCDText_Cursor
                0x00002ac8       0x26 D:\Miguelito\ISEL\Sem_8\SE2\workspace\FreeRTOS-SE1920\Debug\libFreeRTOS-SE1920.a(LCD.o)
                0x00002ac8                LCDText_Cursor
 .text.LCDText_WriteRightArrow
                0x00002aee        0xe D:\Miguelito\ISEL\Sem_8\SE2\workspace\FreeRTOS-SE1920\Debug\libFreeRTOS-SE1920.a(LCD.o)
                0x00002aee                LCDText_WriteRightArrow
 .text.LCDText_Init
                0x00002afc       0x7c D:\Miguelito\ISEL\Sem_8\SE2\workspace\FreeRTOS-SE1920\Debug\libFreeRTOS-SE1920.a(LCD.o)
                0x00002afc                LCDText_Init
 .text.LCDText_Printf
                0x00002b78      0x1a2 D:\Miguelito\ISEL\Sem_8\SE2\workspace\FreeRTOS-SE1920\Debug\libFreeRTOS-SE1920.a(LCD.o)
                0x00002b78                LCDText_Printf
 .text.int2str  0x00002d1a       0x1e D:\Miguelito\ISEL\Sem_8\SE2\workspace\FreeRTOS-SE1920\Debug\libFreeRTOS-SE1920.a(LCD.o)
                0x00002d1a                int2str
 .text.double2str
                0x00002d38      0x1b4 D:\Miguelito\ISEL\Sem_8\SE2\workspace\FreeRTOS-SE1920\Debug\libFreeRTOS-SE1920.a(LCD.o)
                0x00002d38                double2str
 .text.RTC_GetValue
                0x00002eec       0x90 D:\Miguelito\ISEL\Sem_8\SE2\workspace\FreeRTOS-SE1920\Debug\libFreeRTOS-SE1920.a(RTC.o)
                0x00002eec                RTC_GetValue
 .text.RTC_SetValue
                0x00002f7c       0xa0 D:\Miguelito\ISEL\Sem_8\SE2\workspace\FreeRTOS-SE1920\Debug\libFreeRTOS-SE1920.a(RTC.o)
                0x00002f7c                RTC_SetValue
 .text.RTC_SetSeconds
                0x0000301c       0x26 D:\Miguelito\ISEL\Sem_8\SE2\workspace\FreeRTOS-SE1920\Debug\libFreeRTOS-SE1920.a(RTC.o)
                0x0000301c                RTC_SetSeconds
 *fill*         0x00003042        0x2 ff
 .text.RTC_Init
                0x00003044       0x4c D:\Miguelito\ISEL\Sem_8\SE2\workspace\FreeRTOS-SE1920\Debug\libFreeRTOS-SE1920.a(RTC.o)
                0x00003044                RTC_Init
 .text.leapyears_passed
                0x00003090       0x6c D:\Miguelito\ISEL\Sem_8\SE2\workspace\FreeRTOS-SE1920\Debug\libFreeRTOS-SE1920.a(RTC.o)
 .text.leapdays_passed
                0x000030fc       0x1e D:\Miguelito\ISEL\Sem_8\SE2\workspace\FreeRTOS-SE1920\Debug\libFreeRTOS-SE1920.a(RTC.o)
 *fill*         0x0000311a        0x2 ff
 .text.RTC_Gmtime
                0x0000311c      0x178 D:\Miguelito\ISEL\Sem_8\SE2\workspace\FreeRTOS-SE1920\Debug\libFreeRTOS-SE1920.a(RTC.o)
                0x0000311c                RTC_Gmtime
 .text.UI_printDate
                0x00003294       0x44 D:\Miguelito\ISEL\Sem_8\SE2\workspace\FreeRTOS-SE1920\Debug\libFreeRTOS-SE1920.a(RTCUI.o)
                0x00003294                UI_printDate
 .text.SPI_Init
                0x000032d8       0x70 D:\Miguelito\ISEL\Sem_8\SE2\workspace\FreeRTOS-SE1920\Debug\libFreeRTOS-SE1920.a(SPI.o)
                0x000032d8                SPI_Init
 .text.SPI_ConfigTransfer
                0x00003348       0xb8 D:\Miguelito\ISEL\Sem_8\SE2\workspace\FreeRTOS-SE1920\Debug\libFreeRTOS-SE1920.a(SPI.o)
                0x00003348                SPI_ConfigTransfer
 .text.SPI_Transfer
                0x00003400       0xb4 D:\Miguelito\ISEL\Sem_8\SE2\workspace\FreeRTOS-SE1920\Debug\libFreeRTOS-SE1920.a(SPI.o)
                0x00003400                SPI_Transfer
 .text.NVIC_EnableIRQ
                0x000034b4       0x30 D:\Miguelito\ISEL\Sem_8\SE2\workspace\FreeRTOS-SE1920\Debug\libFreeRTOS-SE1920.a(button.o)
 .text.BUTTON_Init
                0x000034e4       0x64 D:\Miguelito\ISEL\Sem_8\SE2\workspace\FreeRTOS-SE1920\Debug\libFreeRTOS-SE1920.a(button.o)
                0x000034e4                BUTTON_Init
 .text.EINT3_IRQHandler
                0x00003548       0x50 D:\Miguelito\ISEL\Sem_8\SE2\workspace\FreeRTOS-SE1920\Debug\libFreeRTOS-SE1920.a(button.o)
                0x00003548                EINT3_IRQHandler
 .text.BUTTON_Hit
                0x00003598       0x14 D:\Miguelito\ISEL\Sem_8\SE2\workspace\FreeRTOS-SE1920\Debug\libFreeRTOS-SE1920.a(button.o)
                0x00003598                BUTTON_Hit
 .text.BUTTON_GetButtonsEvents
                0x000035ac       0x20 D:\Miguelito\ISEL\Sem_8\SE2\workspace\FreeRTOS-SE1920\Debug\libFreeRTOS-SE1920.a(button.o)
                0x000035ac                BUTTON_GetButtonsEvents
 .text.BUTTON_CombTimer
                0x000035cc       0x48 D:\Miguelito\ISEL\Sem_8\SE2\workspace\FreeRTOS-SE1920\Debug\libFreeRTOS-SE1920.a(button.o)
                0x000035cc                BUTTON_CombTimer
 .text._BUTTON_Hit
                0x00003614       0x40 D:\Miguelito\ISEL\Sem_8\SE2\workspace\FreeRTOS-SE1920\Debug\libFreeRTOS-SE1920.a(button.o)
                0x00003614                _BUTTON_Hit
 .text._BUTTON_GetButtonsEvents
                0x00003654       0x38 D:\Miguelito\ISEL\Sem_8\SE2\workspace\FreeRTOS-SE1920\Debug\libFreeRTOS-SE1920.a(button.o)
                0x00003654                _BUTTON_GetButtonsEvents
 .text.COUNTER_Create
                0x0000368c       0x22 D:\Miguelito\ISEL\Sem_8\SE2\workspace\FreeRTOS-SE1920\Debug\libFreeRTOS-SE1920.a(counter.o)
                0x0000368c                COUNTER_Create
 .text.COUNTER_Restart
                0x000036ae       0x1a D:\Miguelito\ISEL\Sem_8\SE2\workspace\FreeRTOS-SE1920\Debug\libFreeRTOS-SE1920.a(counter.o)
                0x000036ae                COUNTER_Restart
 .text.COUNTER_Check
                0x000036c8       0x24 D:\Miguelito\ISEL\Sem_8\SE2\workspace\FreeRTOS-SE1920\Debug\libFreeRTOS-SE1920.a(counter.o)
                0x000036c8                COUNTER_Check
 .text.COUNTER_Destroy
                0x000036ec       0x16 D:\Miguelito\ISEL\Sem_8\SE2\workspace\FreeRTOS-SE1920\Debug\libFreeRTOS-SE1920.a(counter.o)
                0x000036ec                COUNTER_Destroy
 *fill*         0x00003702        0x2 ff
 .text.EEPROM_Init
                0x00003704       0x5c D:\Miguelito\ISEL\Sem_8\SE2\workspace\FreeRTOS-SE1920\Debug\libFreeRTOS-SE1920.a(eeprom.o)
                0x00003704                EEPROM_Init
 .text.EEPROM_WriteProtect
                0x00003760       0x30 D:\Miguelito\ISEL\Sem_8\SE2\workspace\FreeRTOS-SE1920\Debug\libFreeRTOS-SE1920.a(eeprom.o)
                0x00003760                EEPROM_WriteProtect
 .text.EEPROM_WritePage
                0x00003790       0xe0 D:\Miguelito\ISEL\Sem_8\SE2\workspace\FreeRTOS-SE1920\Debug\libFreeRTOS-SE1920.a(eeprom.o)
                0x00003790                EEPROM_WritePage
 .text.EEPROM_ReadSequential
                0x00003870       0x4e D:\Miguelito\ISEL\Sem_8\SE2\workspace\FreeRTOS-SE1920\Debug\libFreeRTOS-SE1920.a(eeprom.o)
                0x00003870                EEPROM_ReadSequential
 *fill*         0x000038be        0x2 ff
 .text.LED_Init
                0x000038c0       0x34 D:\Miguelito\ISEL\Sem_8\SE2\workspace\FreeRTOS-SE1920\Debug\libFreeRTOS-SE1920.a(led.o)
                0x000038c0                LED_Init
 .text.LED_GetState
                0x000038f4       0x24 D:\Miguelito\ISEL\Sem_8\SE2\workspace\FreeRTOS-SE1920\Debug\libFreeRTOS-SE1920.a(led.o)
                0x000038f4                LED_GetState
 .text.LED_On   0x00003918       0x18 D:\Miguelito\ISEL\Sem_8\SE2\workspace\FreeRTOS-SE1920\Debug\libFreeRTOS-SE1920.a(led.o)
                0x00003918                LED_On
 .text.LED_Off  0x00003930       0x18 D:\Miguelito\ISEL\Sem_8\SE2\workspace\FreeRTOS-SE1920\Debug\libFreeRTOS-SE1920.a(led.o)
                0x00003930                LED_Off
 .text.NTP_Connect
                0x00003948       0x28 D:\Miguelito\ISEL\Sem_8\SE2\workspace\FreeRTOS-SE1920\Debug\libFreeRTOS-SE1920.a(ntp.o)
                0x00003948                NTP_Connect
 .text.NTP_DecodePacket
                0x00003970       0x9e D:\Miguelito\ISEL\Sem_8\SE2\workspace\FreeRTOS-SE1920\Debug\libFreeRTOS-SE1920.a(ntp.o)
                0x00003970                NTP_DecodePacket
 .text.NTP_RequestValues
                0x00003a0e       0x70 D:\Miguelito\ISEL\Sem_8\SE2\workspace\FreeRTOS-SE1920\Debug\libFreeRTOS-SE1920.a(ntp.o)
                0x00003a0e                NTP_RequestValues
 .text.NTP_Request
                0x00003a7e       0x24 D:\Miguelito\ISEL\Sem_8\SE2\workspace\FreeRTOS-SE1920\Debug\libFreeRTOS-SE1920.a(ntp.o)
                0x00003a7e                NTP_Request
 *fill*         0x00003aa2        0x2 ff
 .text.NTP_RequestSeconds
                0x00003aa4       0x28 D:\Miguelito\ISEL\Sem_8\SE2\workspace\FreeRTOS-SE1920\Debug\libFreeRTOS-SE1920.a(ntp.o)
                0x00003aa4                NTP_RequestSeconds
 .text.NTP_RequestEpochUnix
                0x00003acc       0x20 D:\Miguelito\ISEL\Sem_8\SE2\workspace\FreeRTOS-SE1920\Debug\libFreeRTOS-SE1920.a(ntp.o)
                0x00003acc                NTP_RequestEpochUnix
 .text.NVIC_EnableIRQ
                0x00003aec       0x30 D:\Miguelito\ISEL\Sem_8\SE2\workspace\FreeRTOS-SE1920\Debug\libFreeRTOS-SE1920.a(uartINT.o)
 .text.UARTINTSetDivisors
                0x00003b1c      0x1f8 D:\Miguelito\ISEL\Sem_8\SE2\workspace\FreeRTOS-SE1920\Debug\libFreeRTOS-SE1920.a(uartINT.o)
                0x00003b1c                UARTINTSetDivisors
 .text.UARTINT_Initialize
                0x00003d14      0x1f4 D:\Miguelito\ISEL\Sem_8\SE2\workspace\FreeRTOS-SE1920\Debug\libFreeRTOS-SE1920.a(uartINT.o)
                0x00003d14                UARTINT_Initialize
 .text.UARTINT_ReadBuffer
                0x00003f08       0xc4 D:\Miguelito\ISEL\Sem_8\SE2\workspace\FreeRTOS-SE1920\Debug\libFreeRTOS-SE1920.a(uartINT.o)
                0x00003f08                UARTINT_ReadBuffer
 .text.UARTINT_WriteBuffer
                0x00003fcc       0xc0 D:\Miguelito\ISEL\Sem_8\SE2\workspace\FreeRTOS-SE1920\Debug\libFreeRTOS-SE1920.a(uartINT.o)
                0x00003fcc                UARTINT_WriteBuffer
 .text.UART2_IRQHandler
                0x0000408c      0x138 D:\Miguelito\ISEL\Sem_8\SE2\workspace\FreeRTOS-SE1920\Debug\libFreeRTOS-SE1920.a(uartINT.o)
                0x0000408c                UART2_IRQHandler
 .text.NVIC_EnableIRQ
                0x000041c4       0x30 D:\Miguelito\ISEL\Sem_8\SE2\workspace\FreeRTOS-SE1920\Debug\libFreeRTOS-SE1920.a(wait.o)
 .text.WAIT_Init
                0x000041f4       0x5c D:\Miguelito\ISEL\Sem_8\SE2\workspace\FreeRTOS-SE1920\Debug\libFreeRTOS-SE1920.a(wait.o)
                0x000041f4                WAIT_Init
 .text.prvWAIT_TimerCallback
                0x00004250       0x20 D:\Miguelito\ISEL\Sem_8\SE2\workspace\FreeRTOS-SE1920\Debug\libFreeRTOS-SE1920.a(wait.o)
 .text.WAIT_Elapsed
                0x00004270       0x14 D:\Miguelito\ISEL\Sem_8\SE2\workspace\FreeRTOS-SE1920\Debug\libFreeRTOS-SE1920.a(wait.o)
                0x00004270                WAIT_Elapsed
 .text.WAIT_Ms  0x00004284       0x2c D:\Miguelito\ISEL\Sem_8\SE2\workspace\FreeRTOS-SE1920\Debug\libFreeRTOS-SE1920.a(wait.o)
                0x00004284                WAIT_Ms
 .text.WAIT_TIM0Init
                0x000042b0       0x64 D:\Miguelito\ISEL\Sem_8\SE2\workspace\FreeRTOS-SE1920\Debug\libFreeRTOS-SE1920.a(wait.o)
                0x000042b0                WAIT_TIM0Init
 .text.WAIT_ChronoUs
                0x00004314       0x68 D:\Miguelito\ISEL\Sem_8\SE2\workspace\FreeRTOS-SE1920\Debug\libFreeRTOS-SE1920.a(wait.o)
                0x00004314                WAIT_ChronoUs
 .text.TIMER0_IRQHandler
                0x0000437c       0x48 D:\Miguelito\ISEL\Sem_8\SE2\workspace\FreeRTOS-SE1920\Debug\libFreeRTOS-SE1920.a(wait.o)
                0x0000437c                TIMER0_IRQHandler
 .text.NVIC_EnableIRQ
                0x000043c4       0x30 D:\Miguelito\ISEL\Sem_8\SE2\workspace\FreeRTOS-SE1920\Debug\libFreeRTOS-SE1920.a(I2C.o)
 .text._I2C_ResetGVs
                0x000043f4       0x20 D:\Miguelito\ISEL\Sem_8\SE2\workspace\FreeRTOS-SE1920\Debug\libFreeRTOS-SE1920.a(I2C.o)
                0x000043f4                _I2C_ResetGVs
 .text.I2C_Init
                0x00004414      0x1dc D:\Miguelito\ISEL\Sem_8\SE2\workspace\FreeRTOS-SE1920\Debug\libFreeRTOS-SE1920.a(I2C.o)
                0x00004414                I2C_Init
 .text.I2C_Write
                0x000045f0       0x40 D:\Miguelito\ISEL\Sem_8\SE2\workspace\FreeRTOS-SE1920\Debug\libFreeRTOS-SE1920.a(I2C.o)
                0x000045f0                I2C_Write
 .text._I2C_Transfer
                0x00004630       0x9c D:\Miguelito\ISEL\Sem_8\SE2\workspace\FreeRTOS-SE1920\Debug\libFreeRTOS-SE1920.a(I2C.o)
                0x00004630                _I2C_Transfer
 .text.I2C_WriteToRead
                0x000046cc       0xa8 D:\Miguelito\ISEL\Sem_8\SE2\workspace\FreeRTOS-SE1920\Debug\libFreeRTOS-SE1920.a(I2C.o)
                0x000046cc                I2C_WriteToRead
 .text._I2C_Start
                0x00004774       0x64 D:\Miguelito\ISEL\Sem_8\SE2\workspace\FreeRTOS-SE1920\Debug\libFreeRTOS-SE1920.a(I2C.o)
                0x00004774                _I2C_Start
 .text._I2C_Stop
                0x000047d8       0x5c D:\Miguelito\ISEL\Sem_8\SE2\workspace\FreeRTOS-SE1920\Debug\libFreeRTOS-SE1920.a(I2C.o)
                0x000047d8                _I2C_Stop
 .text.I2C1_IRQHandler
                0x00004834      0x47c D:\Miguelito\ISEL\Sem_8\SE2\workspace\FreeRTOS-SE1920\Debug\libFreeRTOS-SE1920.a(I2C.o)
                0x00004834                I2C1_IRQHandler
 .text          0x00004cb0      0x418 D:\Miguelito\ISEL\Sem_8\SE2\workspace\FreeRTOS-Kernel\Debug\libFreeRTOS-Kernel.a(heap_4.o)
                0x00004cb0                pvPortMalloc
                0x00004de4                vPortFree
                0x00004e64                xPortGetFreeHeapSize
                0x00004e78                xPortGetMinimumEverFreeHeapSize
                0x00004e8c                vPortInitialiseBlocks
                0x0000500c                vPortGetHeapStats
 *fill*         0x000050c8        0x8 ff
 .text          0x000050d0      0x250 D:\Miguelito\ISEL\Sem_8\SE2\workspace\FreeRTOS-Kernel\Debug\libFreeRTOS-Kernel.a(port.o)
                0x000050d0                pxPortInitialiseStack
                0x00005156                vPortSVCHandler
                0x000051a2                xPortStartScheduler
                0x000051e4                vPortEndScheduler
                0x000051f0                vPortEnterCritical
                0x00005220                vPortExitCritical
                0x00005250                xPortPendSVHandler
                0x00005296                xPortSysTickHandler
                0x000052d8                vPortSetupTimerInterrupt
 .text          0x00005320      0xe84 D:\Miguelito\ISEL\Sem_8\SE2\workspace\FreeRTOS-Kernel\Debug\libFreeRTOS-Kernel.a(queue.o)
                0x00005320                xQueueGenericReset
                0x000053d4                xQueueGenericCreate
                0x0000549e                xQueueCreateMutex
                0x000054ce                xQueueCreateCountingSemaphore
                0x000054fa                xQueueGenericSend
                0x00005650                xQueueGenericSendFromISR
                0x00005708                xQueueGiveFromISR
                0x000057ae                xQueueReceive
                0x000058f4                xQueueSemaphoreTake
                0x00005a84                xQueuePeek
                0x00005bcc                xQueueReceiveFromISR
                0x00005c78                xQueuePeekFromISR
                0x00005cdc                uxQueueMessagesWaiting
                0x00005cfc                uxQueueSpacesAvailable
                0x00005d26                uxQueueMessagesWaitingFromISR
                0x00005d44                vQueueDelete
                0x00005d64                uxQueueGetQueueNumber
                0x00005d7a                vQueueSetQueueNumber
                0x00005d94                ucQueueGetQueueType
                0x00005fca                xQueueIsQueueEmptyFromISR
                0x00006024                xQueueIsQueueFullFromISR
                0x00006052                vQueueAddToRegistry
                0x000060a0                pcQueueGetName
                0x000060ec                vQueueUnregisterQueue
                0x0000613c                vQueueWaitForMessageRestricted
 .text          0x000061a4     0x1e5c D:\Miguelito\ISEL\Sem_8\SE2\workspace\FreeRTOS-Kernel\Debug\libFreeRTOS-Kernel.a(tasks.o)
                0x000061a4                xTaskCreate
                0x0000640c                vTaskDelete
                0x00006508                vTaskDelayUntil
                0x000065a8                vTaskDelay
                0x000065f0                eTaskGetState
                0x000066a0                uxTaskPriorityGet
                0x000066d4                uxTaskPriorityGetFromISR
                0x00006728                vTaskPrioritySet
                0x00006860                vTaskSuspend
                0x000069a8                vTaskResume
                0x00006a48                xTaskResumeFromISR
                0x00006b08                vTaskStartScheduler
                0x00006b84                vTaskEndScheduler
                0x00006bb4                vTaskSuspendAll
                0x00006bd0                xTaskResumeAll
                0x00006cec                xTaskGetTickCount
                0x00006d08                xTaskGetTickCountFromISR
                0x00006d28                uxTaskGetNumberOfTasks
                0x00006d3c                pcTaskGetName
                0x00006d68                uxTaskGetSystemState
                0x00006e88                xTaskCatchUpTicks
                0x00006eb4                xTaskIncrementTick
                0x00007004                vTaskSwitchContext
                0x000070ec                vTaskPlaceOnEventList
                0x00007118                vTaskPlaceOnUnorderedEventList
                0x00007154                vTaskPlaceOnEventListRestricted
                0x00007190                xTaskRemoveFromEventList
                0x00007238                vTaskRemoveFromUnorderedEventList
                0x000072bc                vTaskSetTimeOutState
                0x000072ec                vTaskInternalSetTimeOutState
                0x00007318                xTaskCheckForTimeOut
                0x000073a4                vTaskMissedYield
                0x000073bc                uxTaskGetTaskNumber
                0x000073e6                vTaskSetTaskNumber
                0x000074f0                vTaskGetInfo
                0x000076ec                xTaskGetCurrentTaskHandle
                0x00007708                xTaskGetSchedulerState
                0x00007744                xTaskPriorityInherit
                0x00007830                xTaskPriorityDisinherit
                0x000078e4                vTaskPriorityDisinheritAfterTimeout
                0x000079c0                uxTaskResetEventItemValue
                0x000079f0                pvTaskIncrementMutexHeldCount
                0x00007a18                ulTaskNotifyTake
                0x00007aa8                xTaskNotifyWait
                0x00007b5c                xTaskGenericNotify
                0x00007c6c                xTaskGenericNotifyFromISR
                0x00007dbc                vTaskNotifyGiveFromISR
                0x00007ea0                xTaskNotifyStateClear
                0x00007eec                ulTaskNotifyValueClear
 .text          0x00008000      0x7a8 D:\Miguelito\ISEL\Sem_8\SE2\workspace\FreeRTOS-Kernel\Debug\libFreeRTOS-Kernel.a(timers.o)
                0x00008000                xTimerCreateTimerTask
                0x00008048                xTimerCreate
                0x000080e4                xTimerGenericCommand
                0x00008164                xTimerGetTimerDaemonTaskHandle
                0x00008178                xTimerGetPeriod
                0x00008192                vTimerSetReloadMode
                0x000081dc                uxTimerGetReloadMode
                0x00008212                xTimerGetExpiryTime
                0x00008230                pcTimerGetName
                0x000086f8                xTimerIsTimerActive
                0x0000872e                pvTimerGetTimerID
                0x00008752                vTimerSetTimerID
                0x00008776                uxTimerGetTimerNumber
                0x0000878c                vTimerSetTimerNumber
 .text          0x000087a8      0x15e D:\Miguelito\ISEL\Sem_8\SE2\workspace\FreeRTOS-Kernel\Debug\libFreeRTOS-Kernel.a(list.o)
                0x000087a8                vListInitialise
                0x000087e6                vListInitialiseItem
                0x000087fe                vListInsertEnd
                0x00008844                vListInsert
                0x000088b4                uxListRemove
 .text.MQTTSerialize_connectLength
                0x00008906       0xc2 D:\Miguelito\ISEL\Sem_8\SE2\workspace\MQTTPacket\Debug\libMQTTPacket.a(MQTTConnectClient.o)
                0x00008906                MQTTSerialize_connectLength
 .text.MQTTSerialize_connect
                0x000089c8      0x1d8 D:\Miguelito\ISEL\Sem_8\SE2\workspace\MQTTPacket\Debug\libMQTTPacket.a(MQTTConnectClient.o)
                0x000089c8                MQTTSerialize_connect
 .text.MQTTDeserialize_connack
                0x00008ba0       0xaa D:\Miguelito\ISEL\Sem_8\SE2\workspace\MQTTPacket\Debug\libMQTTPacket.a(MQTTConnectClient.o)
                0x00008ba0                MQTTDeserialize_connack
 .text.MQTTPacket_encode
                0x00008c4a       0x5c D:\Miguelito\ISEL\Sem_8\SE2\workspace\MQTTPacket\Debug\libMQTTPacket.a(MQTTPacket.o)
                0x00008c4a                MQTTPacket_encode
 .text.MQTTPacket_decode
                0x00008ca6       0x78 D:\Miguelito\ISEL\Sem_8\SE2\workspace\MQTTPacket\Debug\libMQTTPacket.a(MQTTPacket.o)
                0x00008ca6                MQTTPacket_decode
 *fill*         0x00008d1e        0x2 ff
 .text.MQTTPacket_len
                0x00008d20       0x54 D:\Miguelito\ISEL\Sem_8\SE2\workspace\MQTTPacket\Debug\libMQTTPacket.a(MQTTPacket.o)
                0x00008d20                MQTTPacket_len
 .text.bufchar  0x00008d74       0x40 D:\Miguelito\ISEL\Sem_8\SE2\workspace\MQTTPacket\Debug\libMQTTPacket.a(MQTTPacket.o)
                0x00008d74                bufchar
 .text.MQTTPacket_decodeBuf
                0x00008db4       0x2c D:\Miguelito\ISEL\Sem_8\SE2\workspace\MQTTPacket\Debug\libMQTTPacket.a(MQTTPacket.o)
                0x00008db4                MQTTPacket_decodeBuf
 .text.readInt  0x00008de0       0x34 D:\Miguelito\ISEL\Sem_8\SE2\workspace\MQTTPacket\Debug\libMQTTPacket.a(MQTTPacket.o)
                0x00008de0                readInt
 .text.readChar
                0x00008e14       0x26 D:\Miguelito\ISEL\Sem_8\SE2\workspace\MQTTPacket\Debug\libMQTTPacket.a(MQTTPacket.o)
                0x00008e14                readChar
 .text.writeChar
                0x00008e3a       0x28 D:\Miguelito\ISEL\Sem_8\SE2\workspace\MQTTPacket\Debug\libMQTTPacket.a(MQTTPacket.o)
                0x00008e3a                writeChar
 .text.writeInt
                0x00008e62       0x50 D:\Miguelito\ISEL\Sem_8\SE2\workspace\MQTTPacket\Debug\libMQTTPacket.a(MQTTPacket.o)
                0x00008e62                writeInt
 .text.writeCString
                0x00008eb2       0x3e D:\Miguelito\ISEL\Sem_8\SE2\workspace\MQTTPacket\Debug\libMQTTPacket.a(MQTTPacket.o)
                0x00008eb2                writeCString
 .text.writeMQTTString
                0x00008ef0       0x5c D:\Miguelito\ISEL\Sem_8\SE2\workspace\MQTTPacket\Debug\libMQTTPacket.a(MQTTPacket.o)
                0x00008ef0                writeMQTTString
 .text.MQTTstrlen
                0x00008f4c       0x32 D:\Miguelito\ISEL\Sem_8\SE2\workspace\MQTTPacket\Debug\libMQTTPacket.a(MQTTPacket.o)
                0x00008f4c                MQTTstrlen
 .text.MQTTPacket_decodenb
                0x00008f7e       0x9c D:\Miguelito\ISEL\Sem_8\SE2\workspace\MQTTPacket\Debug\libMQTTPacket.a(MQTTPacket.o)
 .text.MQTTPacket_readnb
                0x0000901a      0x136 D:\Miguelito\ISEL\Sem_8\SE2\workspace\MQTTPacket\Debug\libMQTTPacket.a(MQTTPacket.o)
                0x0000901a                MQTTPacket_readnb
 .text.MQTTSerialize_publishLength
                0x00009150       0x40 D:\Miguelito\ISEL\Sem_8\SE2\workspace\MQTTPacket\Debug\libMQTTPacket.a(MQTTSerializePublish.o)
                0x00009150                MQTTSerialize_publishLength
 .text.MQTTSerialize_publish
                0x00009190       0xec D:\Miguelito\ISEL\Sem_8\SE2\workspace\MQTTPacket\Debug\libMQTTPacket.a(MQTTSerializePublish.o)
                0x00009190                MQTTSerialize_publish
 .text.MQTTSerialize_subscribeLength
                0x0000927c       0x4e D:\Miguelito\ISEL\Sem_8\SE2\workspace\MQTTPacket\Debug\libMQTTPacket.a(MQTTSubscribeClient.o)
                0x0000927c                MQTTSerialize_subscribeLength
 .text.MQTTSerialize_subscribe
                0x000092ca       0xf8 D:\Miguelito\ISEL\Sem_8\SE2\workspace\MQTTPacket\Debug\libMQTTPacket.a(MQTTSubscribeClient.o)
                0x000092ca                MQTTSerialize_subscribe
 .text.MQTTDeserialize_suback
                0x000093c2       0xce D:\Miguelito\ISEL\Sem_8\SE2\workspace\MQTTPacket\Debug\libMQTTPacket.a(MQTTSubscribeClient.o)
                0x000093c2                MQTTDeserialize_suback
 .text          0x00009490      0x378 d:/nxp/mcuxpressoide_11.1.0_3209/ide/plugins/com.nxp.mcuxpresso.tools.win32_11.1.0.201909161352/tools/bin/../lib/gcc/arm-none-eabi/8.3.1/thumb/v7-m/nofp\libgcc.a(_arm_addsubdf3.o)
                0x00009490                __aeabi_drsub
                0x00009498                __aeabi_dsub
                0x00009498                __subdf3
                0x0000949c                __aeabi_dadd
                0x0000949c                __adddf3
                0x00009714                __floatunsidf
                0x00009714                __aeabi_ui2d
                0x00009734                __floatsidf
                0x00009734                __aeabi_i2d
                0x00009758                __aeabi_f2d
                0x00009758                __extendsfdf2
                0x0000979c                __floatundidf
                0x0000979c                __aeabi_ul2d
                0x000097ac                __floatdidf
                0x000097ac                __aeabi_l2d
 .text          0x00009808      0x424 d:/nxp/mcuxpressoide_11.1.0_3209/ide/plugins/com.nxp.mcuxpresso.tools.win32_11.1.0.201909161352/tools/bin/../lib/gcc/arm-none-eabi/8.3.1/thumb/v7-m/nofp\libgcc.a(_arm_muldivdf3.o)
                0x00009808                __aeabi_dmul
                0x00009808                __muldf3
                0x00009a5c                __divdf3
                0x00009a5c                __aeabi_ddiv
 .text          0x00009c2c       0x50 d:/nxp/mcuxpressoide_11.1.0_3209/ide/plugins/com.nxp.mcuxpresso.tools.win32_11.1.0.201909161352/tools/bin/../lib/gcc/arm-none-eabi/8.3.1/thumb/v7-m/nofp\libgcc.a(_arm_fixdfsi.o)
                0x00009c2c                __aeabi_d2iz
                0x00009c2c                __fixdfsi
 .text          0x00009c7c       0x40 d:/nxp/mcuxpressoide_11.1.0_3209/ide/plugins/com.nxp.mcuxpresso.tools.win32_11.1.0.201909161352/tools/bin/../lib/gcc/arm-none-eabi/8.3.1/thumb/v7-m/nofp\libgcc.a(_arm_fixunsdfsi.o)
                0x00009c7c                __aeabi_d2uiz
                0x00009c7c                __fixunsdfsi
 .text          0x00009cbc      0x21c d:/nxp/mcuxpressoide_11.1.0_3209/ide/plugins/com.nxp.mcuxpresso.tools.win32_11.1.0.201909161352/tools/bin/../lib/gcc/arm-none-eabi/8.3.1/thumb/v7-m/nofp\libgcc.a(_arm_addsubsf3.o)
                0x00009cbc                __aeabi_frsub
                0x00009cc4                __subsf3
                0x00009cc4                __aeabi_fsub
                0x00009cc8                __aeabi_fadd
                0x00009cc8                __addsf3
                0x00009e28                __aeabi_ui2f
                0x00009e28                __floatunsisf
                0x00009e30                __aeabi_i2f
                0x00009e30                __floatsisf
                0x00009e4c                __aeabi_ul2f
                0x00009e4c                __floatundisf
                0x00009e5c                __aeabi_l2f
                0x00009e5c                __floatdisf
 .text.abs      0x00009ed8        0x8 d:/nxp/mcuxpressoide_11.1.0_3209/ide/plugins/com.nxp.mcuxpresso.tools.win32_11.1.0.201909161352/tools/bin/../lib/gcc/arm-none-eabi/8.3.1/../../../../arm-none-eabi/lib/thumb/v7-m/nofp\libc_nano.a(lib_a-abs.o)
                0x00009ed8                abs
 .text.__assert_func
                0x00009ee0       0x3c d:/nxp/mcuxpressoide_11.1.0_3209/ide/plugins/com.nxp.mcuxpresso.tools.win32_11.1.0.201909161352/tools/bin/../lib/gcc/arm-none-eabi/8.3.1/../../../../arm-none-eabi/lib/thumb/v7-m/nofp\libc_nano.a(lib_a-assert.o)
                0x00009ee0                __assert_func
 .text.atoi     0x00009f1c        0x8 d:/nxp/mcuxpressoide_11.1.0_3209/ide/plugins/com.nxp.mcuxpresso.tools.win32_11.1.0.201909161352/tools/bin/../lib/gcc/arm-none-eabi/8.3.1/../../../../arm-none-eabi/lib/thumb/v7-m/nofp\libc_nano.a(lib_a-atoi.o)
                0x00009f1c                atoi
 .text.fprintf  0x00009f24       0x24 d:/nxp/mcuxpressoide_11.1.0_3209/ide/plugins/com.nxp.mcuxpresso.tools.win32_11.1.0.201909161352/tools/bin/../lib/gcc/arm-none-eabi/8.3.1/../../../../arm-none-eabi/lib/thumb/v7-m/nofp\libc_nano.a(lib_a-fprintf.o)
                0x00009f24                fiprintf
                0x00009f24                fprintf
 .text.__itoa   0x00009f48       0x30 d:/nxp/mcuxpressoide_11.1.0_3209/ide/plugins/com.nxp.mcuxpresso.tools.win32_11.1.0.201909161352/tools/bin/../lib/gcc/arm-none-eabi/8.3.1/../../../../arm-none-eabi/lib/thumb/v7-m/nofp\libc_nano.a(lib_a-itoa.o)
                0x00009f48                __itoa
 .text.itoa     0x00009f78        0x4 d:/nxp/mcuxpressoide_11.1.0_3209/ide/plugins/com.nxp.mcuxpresso.tools.win32_11.1.0.201909161352/tools/bin/../lib/gcc/arm-none-eabi/8.3.1/../../../../arm-none-eabi/lib/thumb/v7-m/nofp\libc_nano.a(lib_a-itoa.o)
                0x00009f78                itoa
 .text.memcpy   0x00009f7c       0x1c d:/nxp/mcuxpressoide_11.1.0_3209/ide/plugins/com.nxp.mcuxpresso.tools.win32_11.1.0.201909161352/tools/bin/../lib/gcc/arm-none-eabi/8.3.1/../../../../arm-none-eabi/lib/thumb/v7-m/nofp\libc_nano.a(lib_a-memcpy-stub.o)
                0x00009f7c                memcpy
 .text.memset   0x00009f98       0x10 d:/nxp/mcuxpressoide_11.1.0_3209/ide/plugins/com.nxp.mcuxpresso.tools.win32_11.1.0.201909161352/tools/bin/../lib/gcc/arm-none-eabi/8.3.1/../../../../arm-none-eabi/lib/thumb/v7-m/nofp\libc_nano.a(lib_a-memset.o)
                0x00009f98                memset
 .text.__sfputc_r
                0x00009fa8       0x2a d:/nxp/mcuxpressoide_11.1.0_3209/ide/plugins/com.nxp.mcuxpresso.tools.win32_11.1.0.201909161352/tools/bin/../lib/gcc/arm-none-eabi/8.3.1/../../../../arm-none-eabi/lib/thumb/v7-m/nofp\libc_nano.a(lib_a-nano-vfprintf.o)
 .text.__sfputs_r
                0x00009fd2       0x24 d:/nxp/mcuxpressoide_11.1.0_3209/ide/plugins/com.nxp.mcuxpresso.tools.win32_11.1.0.201909161352/tools/bin/../lib/gcc/arm-none-eabi/8.3.1/../../../../arm-none-eabi/lib/thumb/v7-m/nofp\libc_nano.a(lib_a-nano-vfprintf.o)
                0x00009fd2                __sfputs_r
 *fill*         0x00009ff6        0x2 ff
 .text._vfprintf_r
                0x00009ff8      0x250 d:/nxp/mcuxpressoide_11.1.0_3209/ide/plugins/com.nxp.mcuxpresso.tools.win32_11.1.0.201909161352/tools/bin/../lib/gcc/arm-none-eabi/8.3.1/../../../../arm-none-eabi/lib/thumb/v7-m/nofp\libc_nano.a(lib_a-nano-vfprintf.o)
                0x00009ff8                _vfprintf_r
                0x00009ff8                _vfiprintf_r
 .text._printf_common
                0x0000a248       0xec d:/nxp/mcuxpressoide_11.1.0_3209/ide/plugins/com.nxp.mcuxpresso.tools.win32_11.1.0.201909161352/tools/bin/../lib/gcc/arm-none-eabi/8.3.1/../../../../arm-none-eabi/lib/thumb/v7-m/nofp\libc_nano.a(lib_a-nano-vfprintf_i.o)
                0x0000a248                _printf_common
 .text._printf_i
                0x0000a334      0x22c d:/nxp/mcuxpressoide_11.1.0_3209/ide/plugins/com.nxp.mcuxpresso.tools.win32_11.1.0.201909161352/tools/bin/../lib/gcc/arm-none-eabi/8.3.1/../../../../arm-none-eabi/lib/thumb/v7-m/nofp\libc_nano.a(lib_a-nano-vfprintf_i.o)
                0x0000a334                _printf_i
 .text.strcat   0x0000a560       0x20 d:/nxp/mcuxpressoide_11.1.0_3209/ide/plugins/com.nxp.mcuxpresso.tools.win32_11.1.0.201909161352/tools/bin/../lib/gcc/arm-none-eabi/8.3.1/../../../../arm-none-eabi/lib/thumb/v7-m/nofp\libc_nano.a(lib_a-strcat.o)
                0x0000a560                strcat
 .text.strcpy   0x0000a580       0x10 d:/nxp/mcuxpressoide_11.1.0_3209/ide/plugins/com.nxp.mcuxpresso.tools.win32_11.1.0.201909161352/tools/bin/../lib/gcc/arm-none-eabi/8.3.1/../../../../arm-none-eabi/lib/thumb/v7-m/nofp\libc_nano.a(lib_a-strcpy.o)
                0x0000a580                strcpy
 .text          0x0000a590       0x10 d:/nxp/mcuxpressoide_11.1.0_3209/ide/plugins/com.nxp.mcuxpresso.tools.win32_11.1.0.201909161352/tools/bin/../lib/gcc/arm-none-eabi/8.3.1/../../../../arm-none-eabi/lib/thumb/v7-m/nofp\libc_nano.a(lib_a-strlen.o)
                0x0000a590                strlen
 .text.strstr   0x0000a5a0       0x2e d:/nxp/mcuxpressoide_11.1.0_3209/ide/plugins/com.nxp.mcuxpresso.tools.win32_11.1.0.201909161352/tools/bin/../lib/gcc/arm-none-eabi/8.3.1/../../../../arm-none-eabi/lib/thumb/v7-m/nofp\libc_nano.a(lib_a-strstr.o)
                0x0000a5a0                strstr
 *fill*         0x0000a5ce        0x2 ff
 .text._strtol_l.isra.0
                0x0000a5d0       0xf0 d:/nxp/mcuxpressoide_11.1.0_3209/ide/plugins/com.nxp.mcuxpresso.tools.win32_11.1.0.201909161352/tools/bin/../lib/gcc/arm-none-eabi/8.3.1/../../../../arm-none-eabi/lib/thumb/v7-m/nofp\libc_nano.a(lib_a-strtol.o)
 .text.strtol   0x0000a6c0       0x14 d:/nxp/mcuxpressoide_11.1.0_3209/ide/plugins/com.nxp.mcuxpresso.tools.win32_11.1.0.201909161352/tools/bin/../lib/gcc/arm-none-eabi/8.3.1/../../../../arm-none-eabi/lib/thumb/v7-m/nofp\libc_nano.a(lib_a-strtol.o)
                0x0000a6c0                strtol
 .text.__utoa   0x0000a6d4       0x80 d:/nxp/mcuxpressoide_11.1.0_3209/ide/plugins/com.nxp.mcuxpresso.tools.win32_11.1.0.201909161352/tools/bin/../lib/gcc/arm-none-eabi/8.3.1/../../../../arm-none-eabi/lib/thumb/v7-m/nofp\libc_nano.a(lib_a-utoa.o)
                0x0000a6d4                __utoa
 .text.__swbuf_r
                0x0000a754       0xa4 d:/nxp/mcuxpressoide_11.1.0_3209/ide/plugins/com.nxp.mcuxpresso.tools.win32_11.1.0.201909161352/tools/bin/../lib/gcc/arm-none-eabi/8.3.1/../../../../arm-none-eabi/lib/thumb/v7-m/nofp\libc_nano.a(lib_a-wbuf.o)
                0x0000a754                __swbuf_r
 .text.__swsetup_r
                0x0000a7f8       0xdc d:/nxp/mcuxpressoide_11.1.0_3209/ide/plugins/com.nxp.mcuxpresso.tools.win32_11.1.0.201909161352/tools/bin/../lib/gcc/arm-none-eabi/8.3.1/../../../../arm-none-eabi/lib/thumb/v7-m/nofp\libc_nano.a(lib_a-wsetup.o)
                0x0000a7f8                __swsetup_r
 .text.abort    0x0000a8d4        0xe d:/nxp/mcuxpressoide_11.1.0_3209/ide/plugins/com.nxp.mcuxpresso.tools.win32_11.1.0.201909161352/tools/bin/../lib/gcc/arm-none-eabi/8.3.1/../../../../arm-none-eabi/lib/thumb/v7-m/nofp\libc_nano.a(lib_a-abort.o)
                0x0000a8d4                abort
 *fill*         0x0000a8e2        0x2 ff
 .text.__sflush_r
                0x0000a8e4      0x10c d:/nxp/mcuxpressoide_11.1.0_3209/ide/plugins/com.nxp.mcuxpresso.tools.win32_11.1.0.201909161352/tools/bin/../lib/gcc/arm-none-eabi/8.3.1/../../../../arm-none-eabi/lib/thumb/v7-m/nofp\libc_nano.a(lib_a-fflush.o)
                0x0000a8e4                __sflush_r
 .text._fflush_r
                0x0000a9f0       0x78 d:/nxp/mcuxpressoide_11.1.0_3209/ide/plugins/com.nxp.mcuxpresso.tools.win32_11.1.0.201909161352/tools/bin/../lib/gcc/arm-none-eabi/8.3.1/../../../../arm-none-eabi/lib/thumb/v7-m/nofp\libc_nano.a(lib_a-fflush.o)
                0x0000a9f0                _fflush_r
 .text.std      0x0000aa68       0x48 d:/nxp/mcuxpressoide_11.1.0_3209/ide/plugins/com.nxp.mcuxpresso.tools.win32_11.1.0.201909161352/tools/bin/../lib/gcc/arm-none-eabi/8.3.1/../../../../arm-none-eabi/lib/thumb/v7-m/nofp\libc_nano.a(lib_a-findfp.o)
 .text._cleanup_r
                0x0000aab0        0xc d:/nxp/mcuxpressoide_11.1.0_3209/ide/plugins/com.nxp.mcuxpresso.tools.win32_11.1.0.201909161352/tools/bin/../lib/gcc/arm-none-eabi/8.3.1/../../../../arm-none-eabi/lib/thumb/v7-m/nofp\libc_nano.a(lib_a-findfp.o)
                0x0000aab0                _cleanup_r
 .text.__sfmoreglue
                0x0000aabc       0x2c d:/nxp/mcuxpressoide_11.1.0_3209/ide/plugins/com.nxp.mcuxpresso.tools.win32_11.1.0.201909161352/tools/bin/../lib/gcc/arm-none-eabi/8.3.1/../../../../arm-none-eabi/lib/thumb/v7-m/nofp\libc_nano.a(lib_a-findfp.o)
                0x0000aabc                __sfmoreglue
 .text.__sfp_lock_acquire
                0x0000aae8        0xc d:/nxp/mcuxpressoide_11.1.0_3209/ide/plugins/com.nxp.mcuxpresso.tools.win32_11.1.0.201909161352/tools/bin/../lib/gcc/arm-none-eabi/8.3.1/../../../../arm-none-eabi/lib/thumb/v7-m/nofp\libc_nano.a(lib_a-findfp.o)
                0x0000aae8                __sfp_lock_acquire
 .text.__sfp_lock_release
                0x0000aaf4        0xc d:/nxp/mcuxpressoide_11.1.0_3209/ide/plugins/com.nxp.mcuxpresso.tools.win32_11.1.0.201909161352/tools/bin/../lib/gcc/arm-none-eabi/8.3.1/../../../../arm-none-eabi/lib/thumb/v7-m/nofp\libc_nano.a(lib_a-findfp.o)
                0x0000aaf4                __sfp_lock_release
 .text.__sinit_lock_acquire
                0x0000ab00        0xc d:/nxp/mcuxpressoide_11.1.0_3209/ide/plugins/com.nxp.mcuxpresso.tools.win32_11.1.0.201909161352/tools/bin/../lib/gcc/arm-none-eabi/8.3.1/../../../../arm-none-eabi/lib/thumb/v7-m/nofp\libc_nano.a(lib_a-findfp.o)
                0x0000ab00                __sinit_lock_acquire
 .text.__sinit_lock_release
                0x0000ab0c        0xc d:/nxp/mcuxpressoide_11.1.0_3209/ide/plugins/com.nxp.mcuxpresso.tools.win32_11.1.0.201909161352/tools/bin/../lib/gcc/arm-none-eabi/8.3.1/../../../../arm-none-eabi/lib/thumb/v7-m/nofp\libc_nano.a(lib_a-findfp.o)
                0x0000ab0c                __sinit_lock_release
 .text.__sinit  0x0000ab18       0x70 d:/nxp/mcuxpressoide_11.1.0_3209/ide/plugins/com.nxp.mcuxpresso.tools.win32_11.1.0.201909161352/tools/bin/../lib/gcc/arm-none-eabi/8.3.1/../../../../arm-none-eabi/lib/thumb/v7-m/nofp\libc_nano.a(lib_a-findfp.o)
                0x0000ab18                __sinit
 .text.__sfp    0x0000ab88       0x8c d:/nxp/mcuxpressoide_11.1.0_3209/ide/plugins/com.nxp.mcuxpresso.tools.win32_11.1.0.201909161352/tools/bin/../lib/gcc/arm-none-eabi/8.3.1/../../../../arm-none-eabi/lib/thumb/v7-m/nofp\libc_nano.a(lib_a-findfp.o)
                0x0000ab88                __sfp
 .text._fwalk_reent
                0x0000ac14       0x3c d:/nxp/mcuxpressoide_11.1.0_3209/ide/plugins/com.nxp.mcuxpresso.tools.win32_11.1.0.201909161352/tools/bin/../lib/gcc/arm-none-eabi/8.3.1/../../../../arm-none-eabi/lib/thumb/v7-m/nofp\libc_nano.a(lib_a-fwalk.o)
                0x0000ac14                _fwalk_reent
 .text.__retarget_lock_init_recursive
                0x0000ac50        0x2 d:/nxp/mcuxpressoide_11.1.0_3209/ide/plugins/com.nxp.mcuxpresso.tools.win32_11.1.0.201909161352/tools/bin/../lib/gcc/arm-none-eabi/8.3.1/../../../../arm-none-eabi/lib/thumb/v7-m/nofp\libc_nano.a(lib_a-lock.o)
                0x0000ac50                __retarget_lock_init_recursive
 .text.__retarget_lock_acquire_recursive
                0x0000ac52        0x2 d:/nxp/mcuxpressoide_11.1.0_3209/ide/plugins/com.nxp.mcuxpresso.tools.win32_11.1.0.201909161352/tools/bin/../lib/gcc/arm-none-eabi/8.3.1/../../../../arm-none-eabi/lib/thumb/v7-m/nofp\libc_nano.a(lib_a-lock.o)
                0x0000ac52                __retarget_lock_acquire_recursive
 .text.__retarget_lock_release_recursive
                0x0000ac54        0x2 d:/nxp/mcuxpressoide_11.1.0_3209/ide/plugins/com.nxp.mcuxpresso.tools.win32_11.1.0.201909161352/tools/bin/../lib/gcc/arm-none-eabi/8.3.1/../../../../arm-none-eabi/lib/thumb/v7-m/nofp\libc_nano.a(lib_a-lock.o)
                0x0000ac54                __retarget_lock_release_recursive
 .text.__swhatbuf_r
                0x0000ac56       0x48 d:/nxp/mcuxpressoide_11.1.0_3209/ide/plugins/com.nxp.mcuxpresso.tools.win32_11.1.0.201909161352/tools/bin/../lib/gcc/arm-none-eabi/8.3.1/../../../../arm-none-eabi/lib/thumb/v7-m/nofp\libc_nano.a(lib_a-makebuf.o)
                0x0000ac56                __swhatbuf_r
 *fill*         0x0000ac9e        0x2 ff
 .text.__smakebuf_r
                0x0000aca0       0x80 d:/nxp/mcuxpressoide_11.1.0_3209/ide/plugins/com.nxp.mcuxpresso.tools.win32_11.1.0.201909161352/tools/bin/../lib/gcc/arm-none-eabi/8.3.1/../../../../arm-none-eabi/lib/thumb/v7-m/nofp\libc_nano.a(lib_a-makebuf.o)
                0x0000aca0                __smakebuf_r
 .text.memchr   0x0000ad20       0x1c d:/nxp/mcuxpressoide_11.1.0_3209/ide/plugins/com.nxp.mcuxpresso.tools.win32_11.1.0.201909161352/tools/bin/../lib/gcc/arm-none-eabi/8.3.1/../../../../arm-none-eabi/lib/thumb/v7-m/nofp\libc_nano.a(lib_a-memchr-stub.o)
                0x0000ad20                memchr
 .text._free_r  0x0000ad3c       0x98 d:/nxp/mcuxpressoide_11.1.0_3209/ide/plugins/com.nxp.mcuxpresso.tools.win32_11.1.0.201909161352/tools/bin/../lib/gcc/arm-none-eabi/8.3.1/../../../../arm-none-eabi/lib/thumb/v7-m/nofp\libc_nano.a(lib_a-nano-freer.o)
                0x0000ad3c                _free_r
 .text._malloc_r
                0x0000add4       0xb4 d:/nxp/mcuxpressoide_11.1.0_3209/ide/plugins/com.nxp.mcuxpresso.tools.win32_11.1.0.201909161352/tools/bin/../lib/gcc/arm-none-eabi/8.3.1/../../../../arm-none-eabi/lib/thumb/v7-m/nofp\libc_nano.a(lib_a-nano-mallocr.o)
                0x0000add4                _malloc_r
 .text._sbrk_r  0x0000ae88       0x20 d:/nxp/mcuxpressoide_11.1.0_3209/ide/plugins/com.nxp.mcuxpresso.tools.win32_11.1.0.201909161352/tools/bin/../lib/gcc/arm-none-eabi/8.3.1/../../../../arm-none-eabi/lib/thumb/v7-m/nofp\libc_nano.a(lib_a-sbrkr.o)
                0x0000ae88                _sbrk_r
 .text._raise_r
                0x0000aea8       0x50 d:/nxp/mcuxpressoide_11.1.0_3209/ide/plugins/com.nxp.mcuxpresso.tools.win32_11.1.0.201909161352/tools/bin/../lib/gcc/arm-none-eabi/8.3.1/../../../../arm-none-eabi/lib/thumb/v7-m/nofp\libc_nano.a(lib_a-signal.o)
                0x0000aea8                _raise_r
 .text.raise    0x0000aef8       0x10 d:/nxp/mcuxpressoide_11.1.0_3209/ide/plugins/com.nxp.mcuxpresso.tools.win32_11.1.0.201909161352/tools/bin/../lib/gcc/arm-none-eabi/8.3.1/../../../../arm-none-eabi/lib/thumb/v7-m/nofp\libc_nano.a(lib_a-signal.o)
                0x0000aef8                raise
 .text._kill_r  0x0000af08       0x24 d:/nxp/mcuxpressoide_11.1.0_3209/ide/plugins/com.nxp.mcuxpresso.tools.win32_11.1.0.201909161352/tools/bin/../lib/gcc/arm-none-eabi/8.3.1/../../../../arm-none-eabi/lib/thumb/v7-m/nofp\libc_nano.a(lib_a-signalr.o)
                0x0000af08                _kill_r
 .text._getpid_r
                0x0000af2c        0x4 d:/nxp/mcuxpressoide_11.1.0_3209/ide/plugins/com.nxp.mcuxpresso.tools.win32_11.1.0.201909161352/tools/bin/../lib/gcc/arm-none-eabi/8.3.1/../../../../arm-none-eabi/lib/thumb/v7-m/nofp\libc_nano.a(lib_a-signalr.o)
                0x0000af2c                _getpid_r
 .text.__sread  0x0000af30       0x22 d:/nxp/mcuxpressoide_11.1.0_3209/ide/plugins/com.nxp.mcuxpresso.tools.win32_11.1.0.201909161352/tools/bin/../lib/gcc/arm-none-eabi/8.3.1/../../../../arm-none-eabi/lib/thumb/v7-m/nofp\libc_nano.a(lib_a-stdio.o)
                0x0000af30                __sread
 .text.__swrite
                0x0000af52       0x38 d:/nxp/mcuxpressoide_11.1.0_3209/ide/plugins/com.nxp.mcuxpresso.tools.win32_11.1.0.201909161352/tools/bin/../lib/gcc/arm-none-eabi/8.3.1/../../../../arm-none-eabi/lib/thumb/v7-m/nofp\libc_nano.a(lib_a-stdio.o)
                0x0000af52                __swrite
 .text.__sseek  0x0000af8a       0x24 d:/nxp/mcuxpressoide_11.1.0_3209/ide/plugins/com.nxp.mcuxpresso.tools.win32_11.1.0.201909161352/tools/bin/../lib/gcc/arm-none-eabi/8.3.1/../../../../arm-none-eabi/lib/thumb/v7-m/nofp\libc_nano.a(lib_a-stdio.o)
                0x0000af8a                __sseek
 .text.__sclose
                0x0000afae        0x8 d:/nxp/mcuxpressoide_11.1.0_3209/ide/plugins/com.nxp.mcuxpresso.tools.win32_11.1.0.201909161352/tools/bin/../lib/gcc/arm-none-eabi/8.3.1/../../../../arm-none-eabi/lib/thumb/v7-m/nofp\libc_nano.a(lib_a-stdio.o)
                0x0000afae                __sclose
 *fill*         0x0000afb6        0x2 ff
 .text._write_r
                0x0000afb8       0x24 d:/nxp/mcuxpressoide_11.1.0_3209/ide/plugins/com.nxp.mcuxpresso.tools.win32_11.1.0.201909161352/tools/bin/../lib/gcc/arm-none-eabi/8.3.1/../../../../arm-none-eabi/lib/thumb/v7-m/nofp\libc_nano.a(lib_a-writer.o)
                0x0000afb8                _write_r
 .text._close_r
                0x0000afdc       0x20 d:/nxp/mcuxpressoide_11.1.0_3209/ide/plugins/com.nxp.mcuxpresso.tools.win32_11.1.0.201909161352/tools/bin/../lib/gcc/arm-none-eabi/8.3.1/../../../../arm-none-eabi/lib/thumb/v7-m/nofp\libc_nano.a(lib_a-closer.o)
                0x0000afdc                _close_r
 .text._fstat_r
                0x0000affc       0x24 d:/nxp/mcuxpressoide_11.1.0_3209/ide/plugins/com.nxp.mcuxpresso.tools.win32_11.1.0.201909161352/tools/bin/../lib/gcc/arm-none-eabi/8.3.1/../../../../arm-none-eabi/lib/thumb/v7-m/nofp\libc_nano.a(lib_a-fstatr.o)
                0x0000affc                _fstat_r
 .text._isatty_r
                0x0000b020       0x20 d:/nxp/mcuxpressoide_11.1.0_3209/ide/plugins/com.nxp.mcuxpresso.tools.win32_11.1.0.201909161352/tools/bin/../lib/gcc/arm-none-eabi/8.3.1/../../../../arm-none-eabi/lib/thumb/v7-m/nofp\libc_nano.a(lib_a-isattyr.o)
                0x0000b020                _isatty_r
 .text._lseek_r
                0x0000b040       0x24 d:/nxp/mcuxpressoide_11.1.0_3209/ide/plugins/com.nxp.mcuxpresso.tools.win32_11.1.0.201909161352/tools/bin/../lib/gcc/arm-none-eabi/8.3.1/../../../../arm-none-eabi/lib/thumb/v7-m/nofp\libc_nano.a(lib_a-lseekr.o)
                0x0000b040                _lseek_r
 .text.__malloc_lock
                0x0000b064        0xc d:/nxp/mcuxpressoide_11.1.0_3209/ide/plugins/com.nxp.mcuxpresso.tools.win32_11.1.0.201909161352/tools/bin/../lib/gcc/arm-none-eabi/8.3.1/../../../../arm-none-eabi/lib/thumb/v7-m/nofp\libc_nano.a(lib_a-mlock.o)
                0x0000b064                __malloc_lock
 .text.__malloc_unlock
                0x0000b070        0xc d:/nxp/mcuxpressoide_11.1.0_3209/ide/plugins/com.nxp.mcuxpresso.tools.win32_11.1.0.201909161352/tools/bin/../lib/gcc/arm-none-eabi/8.3.1/../../../../arm-none-eabi/lib/thumb/v7-m/nofp\libc_nano.a(lib_a-mlock.o)
                0x0000b070                __malloc_unlock
 .text._read_r  0x0000b07c       0x24 d:/nxp/mcuxpressoide_11.1.0_3209/ide/plugins/com.nxp.mcuxpresso.tools.win32_11.1.0.201909161352/tools/bin/../lib/gcc/arm-none-eabi/8.3.1/../../../../arm-none-eabi/lib/thumb/v7-m/nofp\libc_nano.a(lib_a-readr.o)
                0x0000b07c                _read_r
 .text._sbrk    0x0000b0a0       0x3c d:/nxp/mcuxpressoide_11.1.0_3209/ide/plugins/com.nxp.mcuxpresso.tools.win32_11.1.0.201909161352/tools/bin/../lib/gcc/arm-none-eabi/8.3.1/../../../../arm-none-eabi/lib/thumb/v7-m/nofp\libcr_newlib_nohost.a(_cr_sbrk.o)
                0x0000b0a0                _sbrk
 .text._exit    0x0000b0dc        0x2 d:/nxp/mcuxpressoide_11.1.0_3209/ide/plugins/com.nxp.mcuxpresso.tools.win32_11.1.0.201909161352/tools/bin/../lib/gcc/arm-none-eabi/8.3.1/../../../../arm-none-eabi/lib/thumb/v7-m/nofp\libcr_newlib_nohost.a(_exit.o)
                0x0000b0dc                _exit
 *fill*         0x0000b0de        0x2 ff
 .text._close   0x0000b0e0       0x10 d:/nxp/mcuxpressoide_11.1.0_3209/ide/plugins/com.nxp.mcuxpresso.tools.win32_11.1.0.201909161352/tools/bin/../lib/gcc/arm-none-eabi/8.3.1/../../../../arm-none-eabi/lib/thumb/v7-m/nofp\libcr_newlib_nohost.a(close.o)
                0x0000b0e0                _close
 .text._fstat   0x0000b0f0       0x10 d:/nxp/mcuxpressoide_11.1.0_3209/ide/plugins/com.nxp.mcuxpresso.tools.win32_11.1.0.201909161352/tools/bin/../lib/gcc/arm-none-eabi/8.3.1/../../../../arm-none-eabi/lib/thumb/v7-m/nofp\libcr_newlib_nohost.a(fstat.o)
                0x0000b0f0                _fstat
 .text._getpid  0x0000b100       0x10 d:/nxp/mcuxpressoide_11.1.0_3209/ide/plugins/com.nxp.mcuxpresso.tools.win32_11.1.0.201909161352/tools/bin/../lib/gcc/arm-none-eabi/8.3.1/../../../../arm-none-eabi/lib/thumb/v7-m/nofp\libcr_newlib_nohost.a(getpid.o)
                0x0000b100                _getpid
 .text._isatty  0x0000b110       0x10 d:/nxp/mcuxpressoide_11.1.0_3209/ide/plugins/com.nxp.mcuxpresso.tools.win32_11.1.0.201909161352/tools/bin/../lib/gcc/arm-none-eabi/8.3.1/../../../../arm-none-eabi/lib/thumb/v7-m/nofp\libcr_newlib_nohost.a(isatty.o)
                0x0000b110                _isatty
 .text._kill    0x0000b120       0x10 d:/nxp/mcuxpressoide_11.1.0_3209/ide/plugins/com.nxp.mcuxpresso.tools.win32_11.1.0.201909161352/tools/bin/../lib/gcc/arm-none-eabi/8.3.1/../../../../arm-none-eabi/lib/thumb/v7-m/nofp\libcr_newlib_nohost.a(kill.o)
                0x0000b120                _kill
 .text._lseek   0x0000b130       0x10 d:/nxp/mcuxpressoide_11.1.0_3209/ide/plugins/com.nxp.mcuxpresso.tools.win32_11.1.0.201909161352/tools/bin/../lib/gcc/arm-none-eabi/8.3.1/../../../../arm-none-eabi/lib/thumb/v7-m/nofp\libcr_newlib_nohost.a(lseek.o)
                0x0000b130                _lseek
 .text._read    0x0000b140       0x10 d:/nxp/mcuxpressoide_11.1.0_3209/ide/plugins/com.nxp.mcuxpresso.tools.win32_11.1.0.201909161352/tools/bin/../lib/gcc/arm-none-eabi/8.3.1/../../../../arm-none-eabi/lib/thumb/v7-m/nofp\libcr_newlib_nohost.a(read.o)
                0x0000b140                _read
 .text._write   0x0000b150       0x10 d:/nxp/mcuxpressoide_11.1.0_3209/ide/plugins/com.nxp.mcuxpresso.tools.win32_11.1.0.201909161352/tools/bin/../lib/gcc/arm-none-eabi/8.3.1/../../../../arm-none-eabi/lib/thumb/v7-m/nofp\libcr_newlib_nohost.a(write.o)
                0x0000b150                _write
 .text.__check_heap_overflow
                0x0000b160       0x18 d:/nxp/mcuxpressoide_11.1.0_3209/ide/plugins/com.nxp.mcuxpresso.tools.win32_11.1.0.201909161352/tools/bin/../lib/gcc/arm-none-eabi/8.3.1/../../../../arm-none-eabi/lib/thumb/v7-m/nofp\libcr_newlib_nohost.a(_cr_check_heap.o)
                0x0000b160                __check_heap_overflow
 .text.__errno  0x0000b178        0xc d:/nxp/mcuxpressoide_11.1.0_3209/ide/plugins/com.nxp.mcuxpresso.tools.win32_11.1.0.201909161352/tools/bin/../lib/gcc/arm-none-eabi/8.3.1/../../../../arm-none-eabi/lib/thumb/v7-m/nofp\libc_nano.a(lib_a-errno.o)
                0x0000b178                __errno
 */tasks.o(.rodata*)
 *(.rodata .rodata.* .constdata .constdata.*)
 .rodata.main.str1.4
                0x0000b184        0xd ./src/main.o
 *fill*         0x0000b191        0x3 ff
 .rodata.print.str1.4
                0x0000b194        0x7 ./src/printf-stdarg.o
 *fill*         0x0000b19b        0x1 ff
 .rodata.vProjectTaskWifi.str1.4
                0x0000b19c       0x9a ./src/project.o
 *fill*         0x0000b236        0x2 ff
 .rodata.vProjectTaskMain.str1.4
                0x0000b238       0x2f ./src/project.o
 *fill*         0x0000b267        0x1 ff
 .rodata.PROJECT_Init.str1.4
                0x0000b268       0x42 ./src/project.o
 *fill*         0x0000b2aa        0x2 ff
 .rodata.PROJECT_Setup.str1.4
                0x0000b2ac       0x21 ./src/project.o
 .rodata.NETWORK_Init.str1.4
                0x0000b2cd       0x14 ./src/temppub.o
 *fill*         0x0000b2cd        0x3 ff
 .rodata.WeatherStationMQTT_Task.str1.4
                0x0000b2d0       0x76 ./src/temppub.o
 *fill*         0x0000b346        0x2 ff
 .rodata        0x0000b348       0x58 ./src/temppub.o
 .rodata.transport_sendPacketBuffernb.str1.4
                0x0000b3a0       0x49 ./src/transport.o
 *fill*         0x0000b3e9        0x3 ff
 .rodata.transport_getdatanb.str1.4
                0x0000b3ec       0x27 ./src/transport.o
 *fill*         0x0000b413        0x1 ff
 .rodata.__func__.5389
                0x0000b414       0x1d ./src/transport.o
 *fill*         0x0000b431        0x3 ff
 .rodata.__func__.5411
                0x0000b434       0x14 ./src/transport.o
 .rodata.BMP280UI_PrintData.str1.4
                0x0000b448       0x20 D:\Miguelito\ISEL\Sem_8\SE2\workspace\FreeRTOS-SE1920\Debug\libFreeRTOS-SE1920.a(BMP280UI.o)
 .rodata.BMP280UI_SetUnits.str1.4
                0x0000b468       0x33 D:\Miguelito\ISEL\Sem_8\SE2\workspace\FreeRTOS-SE1920\Debug\libFreeRTOS-SE1920.a(BMP280UI.o)
 *fill*         0x0000b49b        0x1 ff
 .rodata.str1.4
                0x0000b49c       0x39 D:\Miguelito\ISEL\Sem_8\SE2\workspace\FreeRTOS-SE1920\Debug\libFreeRTOS-SE1920.a(ESP8266.o)
 *fill*         0x0000b4d5        0x3 ff
 .rodata.ESP8266_Init.str1.4
                0x0000b4d8       0x1f D:\Miguelito\ISEL\Sem_8\SE2\workspace\FreeRTOS-SE1920\Debug\libFreeRTOS-SE1920.a(ESP8266.o)
 *fill*         0x0000b4f7        0x1 ff
 .rodata.ESP8266_ConnectAP.str1.4
                0x0000b4f8        0xe D:\Miguelito\ISEL\Sem_8\SE2\workspace\FreeRTOS-SE1920\Debug\libFreeRTOS-SE1920.a(ESP8266.o)
                                 0x12 (size before relaxing)
 *fill*         0x0000b506        0x2 ff
 .rodata.ESP8266_ConnectedAP.str1.4
                0x0000b508       0x3d D:\Miguelito\ISEL\Sem_8\SE2\workspace\FreeRTOS-SE1920\Debug\libFreeRTOS-SE1920.a(ESP8266.o)
 *fill*         0x0000b545        0x3 ff
 .rodata.ESP8266_ConnectTCP.str1.4
                0x0000b548       0x17 D:\Miguelito\ISEL\Sem_8\SE2\workspace\FreeRTOS-SE1920\Debug\libFreeRTOS-SE1920.a(ESP8266.o)
                                 0x1a (size before relaxing)
 *fill*         0x0000b55f        0x1 ff
 .rodata.ESP8266_CloseConnection.str1.4
                0x0000b560        0xc D:\Miguelito\ISEL\Sem_8\SE2\workspace\FreeRTOS-SE1920\Debug\libFreeRTOS-SE1920.a(ESP8266.o)
 .rodata.ESP8266_Read.str1.4
                0x0000b56c        0x3 D:\Miguelito\ISEL\Sem_8\SE2\workspace\FreeRTOS-SE1920\Debug\libFreeRTOS-SE1920.a(ESP8266.o)
 *fill*         0x0000b56f        0x1 ff
 .rodata.ESP8266_ReadData.str1.4
                0x0000b570        0xa D:\Miguelito\ISEL\Sem_8\SE2\workspace\FreeRTOS-SE1920\Debug\libFreeRTOS-SE1920.a(ESP8266.o)
 *fill*         0x0000b57a        0x2 ff
 .rodata        0x0000b57c       0x16 D:\Miguelito\ISEL\Sem_8\SE2\workspace\FreeRTOS-SE1920\Debug\libFreeRTOS-SE1920.a(ESP8266.o)
 *fill*         0x0000b592        0x2 ff
 .rodata.UI_printDate.str1.4
                0x0000b594       0x25 D:\Miguelito\ISEL\Sem_8\SE2\workspace\FreeRTOS-SE1920\Debug\libFreeRTOS-SE1920.a(RTCUI.o)
 *fill*         0x0000b5b9        0x3 ff
 .rodata.NTP_Connect.str1.4
                0x0000b5bc       0x25 D:\Miguelito\ISEL\Sem_8\SE2\workspace\FreeRTOS-SE1920\Debug\libFreeRTOS-SE1920.a(ntp.o)
 *fill*         0x0000b5e1        0x3 ff
 .rodata.WAIT_Init.str1.4
                0x0000b5e4        0xa D:\Miguelito\ISEL\Sem_8\SE2\workspace\FreeRTOS-SE1920\Debug\libFreeRTOS-SE1920.a(wait.o)
 *fill*         0x0000b5ee        0x2 ff
 .rodata.str1.4
                0x0000b5f0        0x5 D:\Miguelito\ISEL\Sem_8\SE2\workspace\FreeRTOS-Kernel\Debug\libFreeRTOS-Kernel.a(tasks.o)
 *fill*         0x0000b5f5        0x3 ff
 .rodata.str1.4
                0x0000b5f8        0xd D:\Miguelito\ISEL\Sem_8\SE2\workspace\FreeRTOS-Kernel\Debug\libFreeRTOS-Kernel.a(timers.o)
 *fill*         0x0000b605        0x3 ff
 .rodata.MQTTSerialize_connect.str1.4
                0x0000b608       0x10 D:\Miguelito\ISEL\Sem_8\SE2\workspace\MQTTPacket\Debug\libMQTTPacket.a(MQTTConnectClient.o)
                                  0xf (size before relaxing)
 .rodata.__assert_func.str1.1
                0x0000b618       0x3c d:/nxp/mcuxpressoide_11.1.0_3209/ide/plugins/com.nxp.mcuxpresso.tools.win32_11.1.0.201909161352/tools/bin/../lib/gcc/arm-none-eabi/8.3.1/../../../../arm-none-eabi/lib/thumb/v7-m/nofp\libc_nano.a(lib_a-assert.o)
                                 0x3d (size before relaxing)
 .rodata._global_impure_ptr
                0x0000b654        0x4 d:/nxp/mcuxpressoide_11.1.0_3209/ide/plugins/com.nxp.mcuxpresso.tools.win32_11.1.0.201909161352/tools/bin/../lib/gcc/arm-none-eabi/8.3.1/../../../../arm-none-eabi/lib/thumb/v7-m/nofp\libc_nano.a(lib_a-impure.o)
                0x0000b654                _global_impure_ptr
 .rodata._vfprintf_r.str1.1
                0x0000b658       0x11 d:/nxp/mcuxpressoide_11.1.0_3209/ide/plugins/com.nxp.mcuxpresso.tools.win32_11.1.0.201909161352/tools/bin/../lib/gcc/arm-none-eabi/8.3.1/../../../../arm-none-eabi/lib/thumb/v7-m/nofp\libc_nano.a(lib_a-nano-vfprintf.o)
 .rodata._printf_i.str1.1
                0x0000b669       0x22 d:/nxp/mcuxpressoide_11.1.0_3209/ide/plugins/com.nxp.mcuxpresso.tools.win32_11.1.0.201909161352/tools/bin/../lib/gcc/arm-none-eabi/8.3.1/../../../../arm-none-eabi/lib/thumb/v7-m/nofp\libc_nano.a(lib_a-nano-vfprintf_i.o)
 .rodata.__utoa.str1.1
                0x0000b68b       0x25 d:/nxp/mcuxpressoide_11.1.0_3209/ide/plugins/com.nxp.mcuxpresso.tools.win32_11.1.0.201909161352/tools/bin/../lib/gcc/arm-none-eabi/8.3.1/../../../../arm-none-eabi/lib/thumb/v7-m/nofp\libc_nano.a(lib_a-utoa.o)
 .rodata._ctype_
                0x0000b6b0      0x101 d:/nxp/mcuxpressoide_11.1.0_3209/ide/plugins/com.nxp.mcuxpresso.tools.win32_11.1.0.201909161352/tools/bin/../lib/gcc/arm-none-eabi/8.3.1/../../../../arm-none-eabi/lib/thumb/v7-m/nofp\libc_nano.a(lib_a-ctype_.o)
                0x0000b6b0                _ctype_
 *fill*         0x0000b7b1        0x3 ff
 .rodata.__sf_fake_stderr
                0x0000b7b4       0x20 d:/nxp/mcuxpressoide_11.1.0_3209/ide/plugins/com.nxp.mcuxpresso.tools.win32_11.1.0.201909161352/tools/bin/../lib/gcc/arm-none-eabi/8.3.1/../../../../arm-none-eabi/lib/thumb/v7-m/nofp\libc_nano.a(lib_a-findfp.o)
                0x0000b7b4                __sf_fake_stderr
 .rodata.__sf_fake_stdin
                0x0000b7d4       0x20 d:/nxp/mcuxpressoide_11.1.0_3209/ide/plugins/com.nxp.mcuxpresso.tools.win32_11.1.0.201909161352/tools/bin/../lib/gcc/arm-none-eabi/8.3.1/../../../../arm-none-eabi/lib/thumb/v7-m/nofp\libc_nano.a(lib_a-findfp.o)
                0x0000b7d4                __sf_fake_stdin
 .rodata.__sf_fake_stdout
                0x0000b7f4       0x20 d:/nxp/mcuxpressoide_11.1.0_3209/ide/plugins/com.nxp.mcuxpresso.tools.win32_11.1.0.201909161352/tools/bin/../lib/gcc/arm-none-eabi/8.3.1/../../../../arm-none-eabi/lib/thumb/v7-m/nofp\libc_nano.a(lib_a-findfp.o)
                0x0000b7f4                __sf_fake_stdout
                0x0000b814                . = ALIGN (0x4)

.glue_7         0x0000b814        0x0
 .glue_7        0x0000b814        0x0 linker stubs

.glue_7t        0x0000b814        0x0
 .glue_7t       0x0000b814        0x0 linker stubs

.vfp11_veneer   0x0000b814        0x0
 .vfp11_veneer  0x0000b814        0x0 linker stubs

.v4_bx          0x0000b814        0x0
 .v4_bx         0x0000b814        0x0 linker stubs

.iplt           0x0000b814        0x0
 .iplt          0x0000b814        0x0 ./src/cr_startup_lpc175x_6x-FreeRTOS.o

.rel.dyn        0x0000b814        0x0
 .rel.iplt      0x0000b814        0x0 ./src/cr_startup_lpc175x_6x-FreeRTOS.o

.ARM.extab
 *(.ARM.extab* .gnu.linkonce.armextab.*)
                0x0000b814                __exidx_start = .

.ARM.exidx
 *(.ARM.exidx* .gnu.linkonce.armexidx.*)
                0x0000b814                __exidx_end = .
                0x0000b814                _etext = .

.data_RAM2      0x2007c000        0x0 load address 0x0000b814
 FILL mask 0xff
                [!provide]                PROVIDE (__start_data_RAM2 = .)
                [!provide]                PROVIDE (__start_data_RamAHB32 = .)
 *(.ramfunc.$RAM2)
 *(.ramfunc.$RamAHB32)
 *(.data.$RAM2)
 *(.data.$RamAHB32)
 *(.data.$RAM2.*)
 *(.data.$RamAHB32.*)
                0x2007c000                . = ALIGN (0x4)
                [!provide]                PROVIDE (__end_data_RAM2 = .)
                [!provide]                PROVIDE (__end_data_RamAHB32 = .)

.uninit_RESERVED
                0x10000000        0x0
                0x10000000                _start_uninit_RESERVED = .
 *(.bss.$RESERVED*)
                0x10000000                . = ALIGN (0x4)
                0x10000000                _end_uninit_RESERVED = .

.data           0x10000000      0x1b0 load address 0x0000b814
 FILL mask 0xff
                0x10000000                _data = .
                [!provide]                PROVIDE (__start_data_RAM = .)
                [!provide]                PROVIDE (__start_data_RamLoc32 = .)
 *(vtable)
 *(.ramfunc*)
 *(CodeQuickAccess)
 *(DataQuickAccess)
 *(RamFunction)
 *(.data*)
 .data.viewFlag.7501
                0x10000000        0x1 ./src/project.o
 *fill*         0x10000001        0x3 ff
 .data.iof.7855
                0x10000004        0x8 ./src/temppub.o
 .data.SystemCoreClock
                0x1000000c        0x4 D:\Miguelito\ISEL\Sem_8\SE2\workspace\CMSIS_CORE_LPC17xx\Debug\libCMSIS_CORE_LPC17xx.a(system_LPC17xx.o)
                0x1000000c                SystemCoreClock
 .data.BMP280UI_TempUnits
                0x10000010        0xc D:\Miguelito\ISEL\Sem_8\SE2\workspace\FreeRTOS-SE1920\Debug\libFreeRTOS-SE1920.a(BMP280UI.o)
                0x10000010                BMP280UI_TempUnits
 .data.BMP280UI_PressUnits
                0x1000001c        0xc D:\Miguelito\ISEL\Sem_8\SE2\workspace\FreeRTOS-SE1920\Debug\libFreeRTOS-SE1920.a(BMP280UI.o)
                0x1000001c                BMP280UI_PressUnits
 .data.keywords
                0x10000028       0x1c D:\Miguelito\ISEL\Sem_8\SE2\workspace\FreeRTOS-SE1920\Debug\libFreeRTOS-SE1920.a(ESP8266.o)
                0x10000028                keywords
 .data.g_monthdays
                0x10000044       0x34 D:\Miguelito\ISEL\Sem_8\SE2\workspace\FreeRTOS-SE1920\Debug\libFreeRTOS-SE1920.a(RTC.o)
                0x10000044                g_monthdays
 .data.g_lpmonthdays
                0x10000078       0x34 D:\Miguelito\ISEL\Sem_8\SE2\workspace\FreeRTOS-SE1920\Debug\libFreeRTOS-SE1920.a(RTC.o)
                0x10000078                g_lpmonthdays
 .data.UARTx    0x100000ac        0x4 D:\Miguelito\ISEL\Sem_8\SE2\workspace\FreeRTOS-SE1920\Debug\libFreeRTOS-SE1920.a(uartINT.o)
                0x100000ac                UARTx
 .data.UART_WriteToFIFO
                0x100000b0        0x1 D:\Miguelito\ISEL\Sem_8\SE2\workspace\FreeRTOS-SE1920\Debug\libFreeRTOS-SE1920.a(uartINT.o)
                0x100000b0                UART_WriteToFIFO
 *fill*         0x100000b1        0x3 ff
 .data.UART_DAV_TABLE
                0x100000b4       0x48 D:\Miguelito\ISEL\Sem_8\SE2\workspace\FreeRTOS-SE1920\Debug\libFreeRTOS-SE1920.a(uartINT.o)
                0x100000b4                UART_DAV_TABLE
 .data.UART_MV_TABLE
                0x100000fc       0x48 D:\Miguelito\ISEL\Sem_8\SE2\workspace\FreeRTOS-SE1920\Debug\libFreeRTOS-SE1920.a(uartINT.o)
                0x100000fc                UART_MV_TABLE
 .data.I2C_timeOutMs
                0x10000144        0x4 D:\Miguelito\ISEL\Sem_8\SE2\workspace\FreeRTOS-SE1920\Debug\libFreeRTOS-SE1920.a(I2C.o)
                0x10000144                I2C_timeOutMs
 .data          0x10000148        0x4 D:\Miguelito\ISEL\Sem_8\SE2\workspace\FreeRTOS-Kernel\Debug\libFreeRTOS-Kernel.a(port.o)
 .data._impure_ptr
                0x1000014c        0x4 d:/nxp/mcuxpressoide_11.1.0_3209/ide/plugins/com.nxp.mcuxpresso.tools.win32_11.1.0.201909161352/tools/bin/../lib/gcc/arm-none-eabi/8.3.1/../../../../arm-none-eabi/lib/thumb/v7-m/nofp\libc_nano.a(lib_a-impure.o)
                0x1000014c                _impure_ptr
 .data.impure_data
                0x10000150       0x60 d:/nxp/mcuxpressoide_11.1.0_3209/ide/plugins/com.nxp.mcuxpresso.tools.win32_11.1.0.201909161352/tools/bin/../lib/gcc/arm-none-eabi/8.3.1/../../../../arm-none-eabi/lib/thumb/v7-m/nofp\libc_nano.a(lib_a-impure.o)
                0x100001b0                . = ALIGN (0x4)
                0x100001b0                _edata = .
                [!provide]                PROVIDE (__end_data_RAM = .)
                [!provide]                PROVIDE (__end_data_RamLoc32 = .)

.igot.plt       0x100001b0        0x0 load address 0x0000b9c4
 .igot.plt      0x100001b0        0x0 ./src/cr_startup_lpc175x_6x-FreeRTOS.o

.bss_RAM2       0x2007c000        0x0
                [!provide]                PROVIDE (__start_bss_RAM2 = .)
                [!provide]                PROVIDE (__start_bss_RamAHB32 = .)
 *(.bss.$RAM2)
 *(.bss.$RamAHB32)
 *(.bss.$RAM2.*)
 *(.bss.$RamAHB32.*)
                0x2007c000                . = ALIGN ((. != 0x0)?0x4:0x1)
                [!provide]                PROVIDE (__end_bss_RAM2 = .)
                [!provide]                PROVIDE (__end_bss_RamAHB32 = .)

.bss            0x100001b0     0x4330
                0x100001b0                _bss = .
                [!provide]                PROVIDE (__start_bss_RAM = .)
                [!provide]                PROVIDE (__start_bss_RamLoc32 = .)
 *(.bss*)
 .bss.dataCounter
                0x100001b0        0x4 ./src/project.o
                0x100001b0                dataCounter
 .bss.xProjectWifi
                0x100001b4        0x4 ./src/project.o
                0x100001b4                xProjectWifi
 .bss.PROJECT_data
                0x100001b8       0x38 ./src/project.o
                0x100001b8                PROJECT_data
 .bss.mqtt_run  0x100001f0        0x4 ./src/project.o
                0x100001f0                mqtt_run
 .bss.io        0x100001f4        0x4 ./src/transport.o
 .bss.from      0x100001f8        0x4 ./src/transport.o
 .bss.howmany   0x100001fc        0x4 ./src/transport.o
 .bss.BMP280_tv
                0x10000200       0x18 D:\Miguelito\ISEL\Sem_8\SE2\workspace\FreeRTOS-SE1920\Debug\libFreeRTOS-SE1920.a(BMP280.o)
                0x10000200                BMP280_tv
 .bss.read_data
                0x10000218       0x10 D:\Miguelito\ISEL\Sem_8\SE2\workspace\FreeRTOS-SE1920\Debug\libFreeRTOS-SE1920.a(ESP8266.o)
                0x10000218                read_data
 .bss.ESP8266_readDataBuffer
                0x10000228       0xc8 D:\Miguelito\ISEL\Sem_8\SE2\workspace\FreeRTOS-SE1920\Debug\libFreeRTOS-SE1920.a(ESP8266.o)
 .bss.xSPI_sem  0x100002f0        0x4 D:\Miguelito\ISEL\Sem_8\SE2\workspace\FreeRTOS-SE1920\Debug\libFreeRTOS-SE1920.a(SPI.o)
                0x100002f0                xSPI_sem
 .bss.BUTTON_past
                0x100002f4        0x4 D:\Miguelito\ISEL\Sem_8\SE2\workspace\FreeRTOS-SE1920\Debug\libFreeRTOS-SE1920.a(button.o)
 .bss.BUTTON_present
                0x100002f8        0x4 D:\Miguelito\ISEL\Sem_8\SE2\workspace\FreeRTOS-SE1920\Debug\libFreeRTOS-SE1920.a(button.o)
 .bss.BUTTON_CombinationCounter
                0x100002fc        0x4 D:\Miguelito\ISEL\Sem_8\SE2\workspace\FreeRTOS-SE1920\Debug\libFreeRTOS-SE1920.a(button.o)
                0x100002fc                BUTTON_CombinationCounter
 .bss.rbuffer   0x10000300     0x1010 D:\Miguelito\ISEL\Sem_8\SE2\workspace\FreeRTOS-SE1920\Debug\libFreeRTOS-SE1920.a(uartINT.o)
                0x10000300                rbuffer
 .bss.__TS      0x10001310        0x4 D:\Miguelito\ISEL\Sem_8\SE2\workspace\FreeRTOS-SE1920\Debug\libFreeRTOS-SE1920.a(wait.o)
                0x10001310                __TS
 .bss.xWAIT_sem
                0x10001314        0x4 D:\Miguelito\ISEL\Sem_8\SE2\workspace\FreeRTOS-SE1920\Debug\libFreeRTOS-SE1920.a(wait.o)
                0x10001314                xWAIT_sem
 .bss.xWAIT_TaskToSuspend
                0x10001318        0x4 D:\Miguelito\ISEL\Sem_8\SE2\workspace\FreeRTOS-SE1920\Debug\libFreeRTOS-SE1920.a(wait.o)
                0x10001318                xWAIT_TaskToSuspend
 .bss.I2C_timeOutCounter
                0x1000131c        0x4 D:\Miguelito\ISEL\Sem_8\SE2\workspace\FreeRTOS-SE1920\Debug\libFreeRTOS-SE1920.a(I2C.o)
                0x1000131c                I2C_timeOutCounter
 .bss.I2C_keepBus
                0x10001320        0x1 D:\Miguelito\ISEL\Sem_8\SE2\workspace\FreeRTOS-SE1920\Debug\libFreeRTOS-SE1920.a(I2C.o)
                0x10001320                I2C_keepBus
 *fill*         0x10001321        0x3 
 .bss.I2C_status
                0x10001324        0x4 D:\Miguelito\ISEL\Sem_8\SE2\workspace\FreeRTOS-SE1920\Debug\libFreeRTOS-SE1920.a(I2C.o)
                0x10001324                I2C_status
 .bss.I2C_busy  0x10001328        0x1 D:\Miguelito\ISEL\Sem_8\SE2\workspace\FreeRTOS-SE1920\Debug\libFreeRTOS-SE1920.a(I2C.o)
                0x10001328                I2C_busy
 .bss.I2C_slaveaddr
                0x10001329        0x1 D:\Miguelito\ISEL\Sem_8\SE2\workspace\FreeRTOS-SE1920\Debug\libFreeRTOS-SE1920.a(I2C.o)
                0x10001329                I2C_slaveaddr
 .bss.I2C_operation
                0x1000132a        0x1 D:\Miguelito\ISEL\Sem_8\SE2\workspace\FreeRTOS-SE1920\Debug\libFreeRTOS-SE1920.a(I2C.o)
                0x1000132a                I2C_operation
 *fill*         0x1000132b        0x1 
 .bss.I2C_return
                0x1000132c        0x4 D:\Miguelito\ISEL\Sem_8\SE2\workspace\FreeRTOS-SE1920\Debug\libFreeRTOS-SE1920.a(I2C.o)
                0x1000132c                I2C_return
 .bss.I2C_DataTxSize
                0x10001330        0x4 D:\Miguelito\ISEL\Sem_8\SE2\workspace\FreeRTOS-SE1920\Debug\libFreeRTOS-SE1920.a(I2C.o)
                0x10001330                I2C_DataTxSize
 .bss.I2C_DataTx
                0x10001334        0x4 D:\Miguelito\ISEL\Sem_8\SE2\workspace\FreeRTOS-SE1920\Debug\libFreeRTOS-SE1920.a(I2C.o)
                0x10001334                I2C_DataTx
 .bss.I2C_DataTxCounter
                0x10001338        0x4 D:\Miguelito\ISEL\Sem_8\SE2\workspace\FreeRTOS-SE1920\Debug\libFreeRTOS-SE1920.a(I2C.o)
                0x10001338                I2C_DataTxCounter
 .bss.I2C_DataRxSize
                0x1000133c        0x4 D:\Miguelito\ISEL\Sem_8\SE2\workspace\FreeRTOS-SE1920\Debug\libFreeRTOS-SE1920.a(I2C.o)
                0x1000133c                I2C_DataRxSize
 .bss.I2C_DataRx
                0x10001340        0x4 D:\Miguelito\ISEL\Sem_8\SE2\workspace\FreeRTOS-SE1920\Debug\libFreeRTOS-SE1920.a(I2C.o)
                0x10001340                I2C_DataRx
 .bss.I2C_DataRxCounter
                0x10001344        0x4 D:\Miguelito\ISEL\Sem_8\SE2\workspace\FreeRTOS-SE1920\Debug\libFreeRTOS-SE1920.a(I2C.o)
                0x10001344                I2C_DataRxCounter
 .bss.LPC_I2C   0x10001348        0x4 D:\Miguelito\ISEL\Sem_8\SE2\workspace\FreeRTOS-SE1920\Debug\libFreeRTOS-SE1920.a(I2C.o)
                0x10001348                LPC_I2C
 .bss.xI2C_sem  0x1000134c        0x4 D:\Miguelito\ISEL\Sem_8\SE2\workspace\FreeRTOS-SE1920\Debug\libFreeRTOS-SE1920.a(I2C.o)
                0x1000134c                xI2C_sem
 .bss           0x10001350     0x3020 D:\Miguelito\ISEL\Sem_8\SE2\workspace\FreeRTOS-Kernel\Debug\libFreeRTOS-Kernel.a(heap_4.o)
 .bss           0x10004370      0x10c D:\Miguelito\ISEL\Sem_8\SE2\workspace\FreeRTOS-Kernel\Debug\libFreeRTOS-Kernel.a(tasks.o)
                0x10004370                pxCurrentTCB
 .bss           0x1000447c       0x3c D:\Miguelito\ISEL\Sem_8\SE2\workspace\FreeRTOS-Kernel\Debug\libFreeRTOS-Kernel.a(timers.o)
 .bss.bufptr    0x100044b8        0x4 D:\Miguelito\ISEL\Sem_8\SE2\workspace\MQTTPacket\Debug\libMQTTPacket.a(MQTTPacket.o)
 .bss.__malloc_free_list
                0x100044bc        0x4 d:/nxp/mcuxpressoide_11.1.0_3209/ide/plugins/com.nxp.mcuxpresso.tools.win32_11.1.0.201909161352/tools/bin/../lib/gcc/arm-none-eabi/8.3.1/../../../../arm-none-eabi/lib/thumb/v7-m/nofp\libc_nano.a(lib_a-nano-mallocr.o)
                0x100044bc                __malloc_free_list
 .bss.__malloc_sbrk_start
                0x100044c0        0x4 d:/nxp/mcuxpressoide_11.1.0_3209/ide/plugins/com.nxp.mcuxpresso.tools.win32_11.1.0.201909161352/tools/bin/../lib/gcc/arm-none-eabi/8.3.1/../../../../arm-none-eabi/lib/thumb/v7-m/nofp\libc_nano.a(lib_a-nano-mallocr.o)
                0x100044c0                __malloc_sbrk_start
 .bss.__end_of_heap
                0x100044c4        0x4 d:/nxp/mcuxpressoide_11.1.0_3209/ide/plugins/com.nxp.mcuxpresso.tools.win32_11.1.0.201909161352/tools/bin/../lib/gcc/arm-none-eabi/8.3.1/../../../../arm-none-eabi/lib/thumb/v7-m/nofp\libcr_newlib_nohost.a(_cr_sbrk.o)
                0x100044c4                __end_of_heap
 *(COMMON)
 COMMON         0x100044c8        0x8 D:\Miguelito\ISEL\Sem_8\SE2\workspace\FreeRTOS-Kernel\Debug\libFreeRTOS-Kernel.a(queue.o)
                0x100044c8                xQueueRegistry
 COMMON         0x100044d0        0x9 d:/nxp/mcuxpressoide_11.1.0_3209/ide/plugins/com.nxp.mcuxpresso.tools.win32_11.1.0.201909161352/tools/bin/../lib/gcc/arm-none-eabi/8.3.1/../../../../arm-none-eabi/lib/thumb/v7-m/nofp\libc_nano.a(lib_a-lock.o)
                0x100044d0                __lock___atexit_recursive_mutex
                0x100044d1                __lock___arc4random_mutex
                0x100044d2                __lock___env_recursive_mutex
                0x100044d3                __lock___sinit_recursive_mutex
                0x100044d4                __lock___malloc_recursive_mutex
                0x100044d5                __lock___at_quick_exit_mutex
                0x100044d6                __lock___dd_hash_mutex
                0x100044d7                __lock___tz_mutex
                0x100044d8                __lock___sfp_recursive_mutex
 *fill*         0x100044d9        0x3 
 COMMON         0x100044dc        0x4 d:/nxp/mcuxpressoide_11.1.0_3209/ide/plugins/com.nxp.mcuxpresso.tools.win32_11.1.0.201909161352/tools/bin/../lib/gcc/arm-none-eabi/8.3.1/../../../../arm-none-eabi/lib/thumb/v7-m/nofp\libc_nano.a(lib_a-reent.o)
                0x100044dc                errno
                0x100044e0                . = ALIGN (0x4)
                0x100044e0                _ebss = .
                [!provide]                PROVIDE (__end_bss_RAM = .)
                [!provide]                PROVIDE (__end_bss_RamLoc32 = .)
                [!provide]                PROVIDE (end = .)

.noinit_RAM2    0x2007c000        0x0
                [!provide]                PROVIDE (__start_noinit_RAM2 = .)
                [!provide]                PROVIDE (__start_noinit_RamAHB32 = .)
 *(.noinit.$RAM2)